Archive member included to satisfy reference by file (symbol)

.\CortexM3\ARM_GCC_541\Debug\Thermistor project.a(AMux_1.o)
                              .\CortexM3\ARM_GCC_541\Debug\main.o (AMux_1_Start)
.\CortexM3\ARM_GCC_541\Debug\Thermistor project.a(ADC_DelSig_1.o)
                              .\CortexM3\ARM_GCC_541\Debug\main.o (ADC_DelSig_1_Start)
.\CortexM3\ARM_GCC_541\Debug\Thermistor project.a(ADC_DelSig_1_INT.o)
                              .\CortexM3\ARM_GCC_541\Debug\Thermistor project.a(ADC_DelSig_1.o) (ADC_DelSig_1_ISR1)
.\CortexM3\ARM_GCC_541\Debug\Thermistor project.a(ADC_DelSig_1_Ext_CP_Clk.o)
                              .\CortexM3\ARM_GCC_541\Debug\Thermistor project.a(ADC_DelSig_1.o) (ADC_DelSig_1_Ext_CP_Clk_SetModeRegister)
.\CortexM3\ARM_GCC_541\Debug\Thermistor project.a(ADC_DelSig_1_theACLK.o)
                              .\CortexM3\ARM_GCC_541\Debug\Thermistor project.a(ADC_DelSig_1.o) (ADC_DelSig_1_theACLK_SetModeRegister)
.\CortexM3\ARM_GCC_541\Debug\Thermistor project.a(CyLib.o)
                              .\CortexM3\ARM_GCC_541\Debug\Cm3Start.o (CyHalt)
.\CortexM3\ARM_GCC_541\Debug\Thermistor project.a(cyPm.o)
                              .\CortexM3\ARM_GCC_541\Debug\Thermistor project.a(CyLib.o) (CyPmReadStatus)
.\CortexM3\ARM_GCC_541\Debug\Thermistor project.a(D4_Pin_11.o)
                              .\CortexM3\ARM_GCC_541\Debug\main.o (D4_Pin_11_Write)
.\CortexM3\ARM_GCC_541\Debug\Thermistor project.a(D5_Pin_12.o)
                              .\CortexM3\ARM_GCC_541\Debug\main.o (D5_Pin_12_Write)
.\CortexM3\ARM_GCC_541\Debug\Thermistor project.a(D6_Pin_13.o)
                              .\CortexM3\ARM_GCC_541\Debug\main.o (D6_Pin_13_Write)
.\CortexM3\ARM_GCC_541\Debug\Thermistor project.a(D7_Pin_14.o)
                              .\CortexM3\ARM_GCC_541\Debug\main.o (D7_Pin_14_Write)
.\CortexM3\ARM_GCC_541\Debug\Thermistor project.a(Enable_Pin_6.o)
                              .\CortexM3\ARM_GCC_541\Debug\main.o (Enable_Pin_6_Write)
.\CortexM3\ARM_GCC_541\Debug\Thermistor project.a(R_W_Pin_5.o)
                              .\CortexM3\ARM_GCC_541\Debug\main.o (R_W_Pin_5_Write)
.\CortexM3\ARM_GCC_541\Debug\Thermistor project.a(RS_Pin_4.o)
                              .\CortexM3\ARM_GCC_541\Debug\main.o (RS_Pin_4_Write)
.\CortexM3\ARM_GCC_541\Debug\Thermistor project.a(CyBootAsmGnu.o)
                              .\CortexM3\ARM_GCC_541\Debug\cyfitter_cfg.o (CyDelayCycles)
.\CortexM3\ARM_GCC_541\Debug\Thermistor project.a(CyFlash.o)
                              .\CortexM3\ARM_GCC_541\Debug\Thermistor project.a(cyPm.o) (CyFlash_SetWaitCycles)
.\CortexM3\ARM_GCC_541\Debug\Thermistor project.a(CySpc.o)
                              .\CortexM3\ARM_GCC_541\Debug\Thermistor project.a(CyFlash.o) (CySpcStart)
d:/psoc creator/4.4/psoc creator/import/gnu/arm/5.4.1/bin/../lib/gcc/arm-none-eabi/5.4.1/../../../../arm-none-eabi/lib/armv7-m\libm.a(lib_a-w_log.o)
                              .\CortexM3\ARM_GCC_541\Debug\main.o (log)
d:/psoc creator/4.4/psoc creator/import/gnu/arm/5.4.1/bin/../lib/gcc/arm-none-eabi/5.4.1/../../../../arm-none-eabi/lib/armv7-m\libm.a(lib_a-w_pow.o)
                              .\CortexM3\ARM_GCC_541\Debug\main.o (pow)
d:/psoc creator/4.4/psoc creator/import/gnu/arm/5.4.1/bin/../lib/gcc/arm-none-eabi/5.4.1/../../../../arm-none-eabi/lib/armv7-m\libm.a(lib_a-e_log.o)
                              d:/psoc creator/4.4/psoc creator/import/gnu/arm/5.4.1/bin/../lib/gcc/arm-none-eabi/5.4.1/../../../../arm-none-eabi/lib/armv7-m\libm.a(lib_a-w_log.o) (__ieee754_log)
d:/psoc creator/4.4/psoc creator/import/gnu/arm/5.4.1/bin/../lib/gcc/arm-none-eabi/5.4.1/../../../../arm-none-eabi/lib/armv7-m\libm.a(lib_a-e_pow.o)
                              d:/psoc creator/4.4/psoc creator/import/gnu/arm/5.4.1/bin/../lib/gcc/arm-none-eabi/5.4.1/../../../../arm-none-eabi/lib/armv7-m\libm.a(lib_a-w_pow.o) (__ieee754_pow)
d:/psoc creator/4.4/psoc creator/import/gnu/arm/5.4.1/bin/../lib/gcc/arm-none-eabi/5.4.1/../../../../arm-none-eabi/lib/armv7-m\libm.a(lib_a-e_sqrt.o)
                              d:/psoc creator/4.4/psoc creator/import/gnu/arm/5.4.1/bin/../lib/gcc/arm-none-eabi/5.4.1/../../../../arm-none-eabi/lib/armv7-m\libm.a(lib_a-e_pow.o) (__ieee754_sqrt)
d:/psoc creator/4.4/psoc creator/import/gnu/arm/5.4.1/bin/../lib/gcc/arm-none-eabi/5.4.1/../../../../arm-none-eabi/lib/armv7-m\libm.a(lib_a-s_fabs.o)
                              d:/psoc creator/4.4/psoc creator/import/gnu/arm/5.4.1/bin/../lib/gcc/arm-none-eabi/5.4.1/../../../../arm-none-eabi/lib/armv7-m\libm.a(lib_a-e_pow.o) (fabs)
d:/psoc creator/4.4/psoc creator/import/gnu/arm/5.4.1/bin/../lib/gcc/arm-none-eabi/5.4.1/../../../../arm-none-eabi/lib/armv7-m\libm.a(lib_a-s_finite.o)
                              d:/psoc creator/4.4/psoc creator/import/gnu/arm/5.4.1/bin/../lib/gcc/arm-none-eabi/5.4.1/../../../../arm-none-eabi/lib/armv7-m\libm.a(lib_a-w_pow.o) (finite)
[...]
Memory Configuration

Name             Origin             Length             Attributes
rom              0x00000000         0x00040000         xr
ram              0x1fff8000         0x00010000         xrw
*default*        0x00000000         0xffffffff

Linker script and memory map

LOAD d:/psoc creator/4.4/psoc creator/import/gnu/arm/5.4.1/bin/../lib/gcc/arm-none-eabi/5.4.1/armv7-m/crti.o
LOAD d:/psoc creator/4.4/psoc creator/import/gnu/arm/5.4.1/bin/../lib/gcc/arm-none-eabi/5.4.1/armv7-m/crtbegin.o
LOAD d:/psoc creator/4.4/psoc creator/import/gnu/arm/5.4.1/bin/../lib/gcc/arm-none-eabi/5.4.1/../../../../arm-none-eabi/lib/armv7-m/crt0.o
START GROUP
LOAD .\CortexM3\ARM_GCC_541\Debug\main.o
LOAD .\CortexM3\ARM_GCC_541\Debug\cyfitter_cfg.o
LOAD .\CortexM3\ARM_GCC_541\Debug\cymetadata.o
LOAD .\CortexM3\ARM_GCC_541\Debug\Cm3Start.o
LOAD .\CortexM3\ARM_GCC_541\Debug\Thermistor project.a
LOAD D:\PSoC Creator\4.4\PSoC Creator\psoc\content\cycomponentlibrary\CyComponentLibrary.cylib\CortexM3\ARM_GCC_541\Debug\CyComponentLibrary.a
LOAD d:/psoc creator/4.4/psoc creator/import/gnu/arm/5.4.1/bin/../lib/gcc/arm-none-eabi/5.4.1/../../../../arm-none-eabi/lib/armv7-m\libm.a
END GROUP
START GROUP
LOAD d:/psoc creator/4.4/psoc creator/import/gnu/arm/5.4.1/bin/../lib/gcc/arm-none-eabi/5.4.1/armv7-m\libgcc.a
LOAD d:/psoc creator/4.4/psoc creator/import/gnu/arm/5.4.1/bin/../lib/gcc/arm-none-eabi/5.4.1/../../../../arm-none-eabi/lib/armv7-m\libg_nano.a
LOAD d:/psoc creator/4.4/psoc creator/import/gnu/arm/5.4.1/bin/../lib/gcc/arm-none-eabi/5.4.1/../../../../arm-none-eabi/lib/armv7-m\libc_nano.a
END GROUP
START GROUP
LOAD d:/psoc creator/4.4/psoc creator/import/gnu/arm/5.4.1/bin/../lib/gcc/arm-none-eabi/5.4.1/armv7-m\libgcc.a
LOAD d:/psoc creator/4.4/psoc creator/import/gnu/arm/5.4.1/bin/../lib/gcc/arm-none-eabi/5.4.1/../../../../arm-none-eabi/lib/armv7-m\libc_nano.a
END GROUP
LOAD d:/psoc creator/4.4/psoc creator/import/gnu/arm/5.4.1/bin/../lib/gcc/arm-none-eabi/5.4.1/armv7-m/crtend.o
LOAD d:/psoc creator/4.4/psoc creator/import/gnu/arm/5.4.1/bin/../lib/gcc/arm-none-eabi/5.4.1/armv7-m/crtn.o
START GROUP
LOAD d:/psoc creator/4.4/psoc creator/import/gnu/arm/5.4.1/bin/../lib/gcc/arm-none-eabi/5.4.1/armv7-m\libgcc.a
LOAD d:/psoc creator/4.4/psoc creator/import/gnu/arm/5.4.1/bin/../lib/gcc/arm-none-eabi/5.4.1/../../../../arm-none-eabi/lib/armv7-m\libc.a
LOAD d:/psoc creator/4.4/psoc creator/import/gnu/arm/5.4.1/bin/../lib/gcc/arm-none-eabi/5.4.1/../../../../arm-none-eabi/lib/armv7-m\libnosys.a
END GROUP
                0x00000000                CY_APPL_ORIGIN = 0x0
                0x00000100                CY_FLASH_ROW_SIZE = 0x100
                0x00000020                CY_ECC_ROW_SIZE = 0x20
                0x00000000                CY_EE_IN_BTLDR = 0x0
                0x00000000                CY_APPL_LOADABLE = 0x0
                0x00000800                CY_EE_SIZE = 0x800
                0x00000001                CY_APPL_NUM = 0x1
                0x00000001                CY_APPL_MAX = 0x1
                0x00000040                CY_METADATA_SIZE = 0x40
                0x00000000                CY_APPL_LOADABLE = 0x0
                0x00000000                CY_CHECKSUM_EXCLUDE_SIZE = ALIGN (0x0, CY_FLASH_ROW_SIZE)
                [!provide]                PROVIDE (__cy_heap_start, _end)
                0x00000001                PROVIDE (__cy_region_num, ((__cy_regions_end - __cy_regions) / 0x10))
                0x20008000                PROVIDE (__cy_stack, (ORIGIN (ram) + LENGTH (ram)))
                [!provide]                PROVIDE (__cy_heap_end, (__cy_stack - 0x800))

.cybootloader   0x00000000        0x0
 *(.cybootloader)
                0x00000000                appl1_start = CY_APPL_ORIGIN?CY_APPL_ORIGIN:ALIGN (CY_FLASH_ROW_SIZE)
                0x0001ff00                appl2_start = (appl1_start + ALIGN ((((LENGTH (rom) - appl1_start) - (0x2 * CY_FLASH_ROW_SIZE)) / 0x2), CY_FLASH_ROW_SIZE))
                0x00000000                appl_start = (CY_APPL_NUM == 0x1)?appl1_start:appl2_start
                0x00000000                ecc_offset = ((appl_start / CY_FLASH_ROW_SIZE) * CY_ECC_ROW_SIZE)
                0x00000000                ee_offset = (CY_APPL_LOADABLE && ! (CY_EE_IN_BTLDR))?((CY_EE_SIZE / CY_APPL_MAX) * (CY_APPL_NUM - 0x1)):0x0
                0x00000800                ee_size = (CY_APPL_LOADABLE && ! (CY_EE_IN_BTLDR))?(CY_EE_SIZE / CY_APPL_MAX):CY_EE_SIZE
                [!provide]                PROVIDE (CY_ECC_OFFSET, ecc_offset)

.text           0x00000000     0x58a0
 CREATE_OBJECT_SYMBOLS
                0x00000000                PROVIDE (__cy_interrupt_vector, RomVectors)
 *(.romvectors)
 .romvectors    0x00000000       0x10 .\CortexM3\ARM_GCC_541\Debug\Cm3Start.o
                0x00000000                RomVectors
                0x00000001                ASSERT ((. != __cy_interrupt_vector), No interrupt vector)
                0x00000001                ASSERT (CY_APPL_ORIGIN?(SIZEOF (.cybootloader) <= CY_APPL_ORIGIN):0x1, Wrong image location)
                0x00000010                PROVIDE (__cy_reset, Reset)
 *(.text.Reset)
 .text.Reset    0x00000010       0x18 .\CortexM3\ARM_GCC_541\Debug\Cm3Start.o
                0x00000010                Reset
                0x00000001                ASSERT ((. != __cy_reset), No reset code)
 *(.dma_init)
                0x00000001                ASSERT ((((appl_start + .) <= 0x10000) || 0x1), DMA Init must be within the first 64k of flash)
 *(.text .text.* .gnu.linkonce.t.*)
 .text          0x00000028       0x5c d:/psoc creator/4.4/psoc creator/import/gnu/arm/5.4.1/bin/../lib/gcc/arm-none-eabi/5.4.1/armv7-m/crtbegin.o
 .text.LCD_Print_Data
                0x00000084       0x70 .\CortexM3\ARM_GCC_541\Debug\main.o
                0x00000084                LCD_Print_Data
 .text.LCD_Pulse
                0x000000f4       0x18 .\CortexM3\ARM_GCC_541\Debug\main.o
                0x000000f4                LCD_Pulse
 .text.LCD_Command
                0x0000010c       0x38 .\CortexM3\ARM_GCC_541\Debug\main.o
                0x0000010c                LCD_Command
 .text.LCD_Init
                0x00000144       0x28 .\CortexM3\ARM_GCC_541\Debug\main.o
                0x00000144                LCD_Init
 .text.LCD_Write_Data
                0x0000016c       0x48 .\CortexM3\ARM_GCC_541\Debug\main.o
                0x0000016c                LCD_Write_Data
 .text.LCD_Write_String
                0x000001b4       0x18 .\CortexM3\ARM_GCC_541\Debug\main.o
                0x000001b4                LCD_Write_String
 .text.thermistorResistance
                0x000001cc       0x64 .\CortexM3\ARM_GCC_541\Debug\main.o
                0x000001cc                thermistorResistance
 .text.therm_Temp
                0x00000230       0xcc .\CortexM3\ARM_GCC_541\Debug\main.o
                0x00000230                therm_Temp
 .text.main     0x000002fc       0x70 .\CortexM3\ARM_GCC_541\Debug\main.o
                0x000002fc                main
 .text.CyClockStartupError
                0x0000036c        0x4 .\CortexM3\ARM_GCC_541\Debug\cyfitter_cfg.o
 .text.cfg_write_bytes32
                0x00000370       0x34 .\CortexM3\ARM_GCC_541\Debug\cyfitter_cfg.o
 .text.AnalogSetDefault
                0x000003a4       0x38 .\CortexM3\ARM_GCC_541\Debug\cyfitter_cfg.o
 .text.CYMEMZERO
                0x000003dc        0xc .\CortexM3\ARM_GCC_541\Debug\cyfitter_cfg.o
 .text.CYCONFIGCPY
                0x000003e8        0x8 .\CortexM3\ARM_GCC_541\Debug\cyfitter_cfg.o
 .text.ClockSetup
                0x000003f0       0xe4 .\CortexM3\ARM_GCC_541\Debug\cyfitter_cfg.o
 .text.AMux_1_CYAMUXSIDE_A_Set
                0x000004d4       0x34 .\CortexM3\ARM_GCC_541\Debug\cyfitter_cfg.o
                0x000004d4                AMux_1_CYAMUXSIDE_A_Set
 .text.AMux_1_CYAMUXSIDE_A_Unset
                0x00000508       0x38 .\CortexM3\ARM_GCC_541\Debug\cyfitter_cfg.o
                0x00000508                AMux_1_CYAMUXSIDE_A_Unset
 .text.AMux_1_CYAMUXSIDE_B_Set
                0x00000540       0x3c .\CortexM3\ARM_GCC_541\Debug\cyfitter_cfg.o
                0x00000540                AMux_1_CYAMUXSIDE_B_Set
 .text.AMux_1_CYAMUXSIDE_B_Unset
                0x0000057c       0x40 .\CortexM3\ARM_GCC_541\Debug\cyfitter_cfg.o
                0x0000057c                AMux_1_CYAMUXSIDE_B_Unset
 .text.cyfitter_cfg
                0x000005bc      0x108 .\CortexM3\ARM_GCC_541\Debug\cyfitter_cfg.o
                0x000005bc                cyfitter_cfg
 .text.IntDefaultHandler
                0x000006c4       0x10 .\CortexM3\ARM_GCC_541\Debug\Cm3Start.o
                0x000006c4                IntDefaultHandler
 .text._sbrk    0x000006d4       0x30 .\CortexM3\ARM_GCC_541\Debug\Cm3Start.o
                0x000006d4                _sbrk
 .text.Start_c  0x00000704       0x4c .\CortexM3\ARM_GCC_541\Debug\Cm3Start.o
                0x00000704                Start_c
 .text.initialize_psoc
                0x00000750       0x68 .\CortexM3\ARM_GCC_541\Debug\Cm3Start.o
                0x00000750                initialize_psoc
 .text.AMux_1_Start
                0x000007b8       0x28 .\CortexM3\ARM_GCC_541\Debug\Thermistor project.a(AMux_1.o)
                0x000007b8                AMux_1_Start
 .text.AMux_1_Connect
                0x000007e0       0x10 .\CortexM3\ARM_GCC_541\Debug\Thermistor project.a(AMux_1.o)
                0x000007e0                AMux_1_Connect
 .text.AMux_1_Select
                0x000007f0       0x18 .\CortexM3\ARM_GCC_541\Debug\Thermistor project.a(AMux_1.o)
                0x000007f0                AMux_1_Select
 .text.ADC_DelSig_1_GainCompensation
                0x00000808       0xe0 .\CortexM3\ARM_GCC_541\Debug\Thermistor project.a(ADC_DelSig_1.o)
 .text.ADC_DelSig_1_SetDSMRef0Reg
                0x000008e8       0x4c .\CortexM3\ARM_GCC_541\Debug\Thermistor project.a(ADC_DelSig_1.o)
 .text.ADC_DelSig_1_InitConfig
                0x00000934      0x318 .\CortexM3\ARM_GCC_541\Debug\Thermistor project.a(ADC_DelSig_1.o)
 .text.ADC_DelSig_1_Init
                0x00000c4c      0x108 .\CortexM3\ARM_GCC_541\Debug\Thermistor project.a(ADC_DelSig_1.o)
                0x00000c4c                ADC_DelSig_1_Init
 .text.ADC_DelSig_1_Enable
                0x00000d54       0xd8 .\CortexM3\ARM_GCC_541\Debug\Thermistor project.a(ADC_DelSig_1.o)
                0x00000d54                ADC_DelSig_1_Enable
 .text.ADC_DelSig_1_Start
                0x00000e2c       0x28 .\CortexM3\ARM_GCC_541\Debug\Thermistor project.a(ADC_DelSig_1.o)
                0x00000e2c                ADC_DelSig_1_Start
 .text.ADC_DelSig_1_StartConvert
                0x00000e54       0x10 .\CortexM3\ARM_GCC_541\Debug\Thermistor project.a(ADC_DelSig_1.o)
                0x00000e54                ADC_DelSig_1_StartConvert
 .text.ADC_DelSig_1_IsEndConversion
                0x00000e64       0x30 .\CortexM3\ARM_GCC_541\Debug\Thermistor project.a(ADC_DelSig_1.o)
                0x00000e64                ADC_DelSig_1_IsEndConversion
 .text.ADC_DelSig_1_GetResult16
                0x00000e94       0x50 .\CortexM3\ARM_GCC_541\Debug\Thermistor project.a(ADC_DelSig_1.o)
                0x00000e94                ADC_DelSig_1_GetResult16
 .text.ADC_DelSig_1_CountsTo_mVolts
                0x00000ee4       0x24 .\CortexM3\ARM_GCC_541\Debug\Thermistor project.a(ADC_DelSig_1.o)
                0x00000ee4                ADC_DelSig_1_CountsTo_mVolts
 .text.ADC_DelSig_1_ISR1
                0x00000f08        0x4 .\CortexM3\ARM_GCC_541\Debug\Thermistor project.a(ADC_DelSig_1_INT.o)
                0x00000f08                ADC_DelSig_1_ISR1
 .text.ADC_DelSig_1_ISR2
                0x00000f0c        0x4 .\CortexM3\ARM_GCC_541\Debug\Thermistor project.a(ADC_DelSig_1_INT.o)
                0x00000f0c                ADC_DelSig_1_ISR2
 .text.ADC_DelSig_1_ISR3
                0x00000f10        0x4 .\CortexM3\ARM_GCC_541\Debug\Thermistor project.a(ADC_DelSig_1_INT.o)
                0x00000f10                ADC_DelSig_1_ISR3
 .text.ADC_DelSig_1_ISR4
                0x00000f14        0x4 .\CortexM3\ARM_GCC_541\Debug\Thermistor project.a(ADC_DelSig_1_INT.o)
                0x00000f14                ADC_DelSig_1_ISR4
 .text.ADC_DelSig_1_Ext_CP_Clk_GetDividerRegister
                0x00000f18        0xc .\CortexM3\ARM_GCC_541\Debug\Thermistor project.a(ADC_DelSig_1_Ext_CP_Clk.o)
                0x00000f18                ADC_DelSig_1_Ext_CP_Clk_GetDividerRegister
 .text.ADC_DelSig_1_Ext_CP_Clk_SetModeRegister
                0x00000f24       0x14 .\CortexM3\ARM_GCC_541\Debug\Thermistor project.a(ADC_DelSig_1_Ext_CP_Clk.o)
                0x00000f24                ADC_DelSig_1_Ext_CP_Clk_SetModeRegister
 .text.ADC_DelSig_1_Ext_CP_Clk_GetSourceRegister
                0x00000f38       0x10 .\CortexM3\ARM_GCC_541\Debug\Thermistor project.a(ADC_DelSig_1_Ext_CP_Clk.o)
                0x00000f38                ADC_DelSig_1_Ext_CP_Clk_GetSourceRegister
 .text.ADC_DelSig_1_Ext_CP_Clk_SetDividerRegister
                0x00000f48       0xd8 .\CortexM3\ARM_GCC_541\Debug\Thermistor project.a(ADC_DelSig_1_Ext_CP_Clk.o)
                0x00000f48                ADC_DelSig_1_Ext_CP_Clk_SetDividerRegister
 .text.ADC_DelSig_1_theACLK_GetDividerRegister
                0x00001020        0xc .\CortexM3\ARM_GCC_541\Debug\Thermistor project.a(ADC_DelSig_1_theACLK.o)
                0x00001020                ADC_DelSig_1_theACLK_GetDividerRegister
 .text.ADC_DelSig_1_theACLK_SetModeRegister
                0x0000102c       0x14 .\CortexM3\ARM_GCC_541\Debug\Thermistor project.a(ADC_DelSig_1_theACLK.o)
                0x0000102c                ADC_DelSig_1_theACLK_SetModeRegister
 .text.ADC_DelSig_1_theACLK_GetSourceRegister
                0x00001040       0x10 .\CortexM3\ARM_GCC_541\Debug\Thermistor project.a(ADC_DelSig_1_theACLK.o)
                0x00001040                ADC_DelSig_1_theACLK_GetSourceRegister
 .text.ADC_DelSig_1_theACLK_SetDividerRegister
                0x00001050       0xd8 .\CortexM3\ARM_GCC_541\Debug\Thermistor project.a(ADC_DelSig_1_theACLK.o)
                0x00001050                ADC_DelSig_1_theACLK_SetDividerRegister
 .text.CyHalt   0x00001128        0x4 .\CortexM3\ARM_GCC_541\Debug\Thermistor project.a(CyLib.o)
                0x00001128                CyHalt
 .text.CyDelay  0x0000112c       0x2c .\CortexM3\ARM_GCC_541\Debug\Thermistor project.a(CyLib.o)
                0x0000112c                CyDelay
 .text.CyDelayUs
                0x00001158       0x14 .\CortexM3\ARM_GCC_541\Debug\Thermistor project.a(CyLib.o)
                0x00001158                CyDelayUs
 .text.CyIntSetVector
                0x0000116c       0x28 .\CortexM3\ARM_GCC_541\Debug\Thermistor project.a(CyLib.o)
                0x0000116c                CyIntSetVector
 .text.CyIntSetPriority
                0x00001194       0x30 .\CortexM3\ARM_GCC_541\Debug\Thermistor project.a(CyLib.o)
                0x00001194                CyIntSetPriority
 .text.D4_Pin_11_Write
                0x000011c4       0x18 .\CortexM3\ARM_GCC_541\Debug\Thermistor project.a(D4_Pin_11.o)
                0x000011c4                D4_Pin_11_Write
 .text.D5_Pin_12_Write
                0x000011dc       0x18 .\CortexM3\ARM_GCC_541\Debug\Thermistor project.a(D5_Pin_12.o)
                0x000011dc                D5_Pin_12_Write
 .text.D6_Pin_13_Write
                0x000011f4       0x18 .\CortexM3\ARM_GCC_541\Debug\Thermistor project.a(D6_Pin_13.o)
                0x000011f4                D6_Pin_13_Write
 .text.D7_Pin_14_Write
                0x0000120c       0x18 .\CortexM3\ARM_GCC_541\Debug\Thermistor project.a(D7_Pin_14.o)
                0x0000120c                D7_Pin_14_Write
 .text.Enable_Pin_6_Write
                0x00001224       0x18 .\CortexM3\ARM_GCC_541\Debug\Thermistor project.a(Enable_Pin_6.o)
                0x00001224                Enable_Pin_6_Write
 .text.R_W_Pin_5_Write
                0x0000123c       0x18 .\CortexM3\ARM_GCC_541\Debug\Thermistor project.a(R_W_Pin_5.o)
                0x0000123c                R_W_Pin_5_Write
 .text.RS_Pin_4_Write
                0x00001254       0x18 .\CortexM3\ARM_GCC_541\Debug\Thermistor project.a(RS_Pin_4.o)
                0x00001254                RS_Pin_4_Write
 *fill*         0x0000126c        0x4 
 .text          0x00001270       0x20 .\CortexM3\ARM_GCC_541\Debug\Thermistor project.a(CyBootAsmGnu.o)
                0x00001270                CyDelayCycles
                0x00001280                CyEnterCriticalSection
                0x00001288                CyExitCriticalSection
 .text.log      0x00001290      0x100 d:/psoc creator/4.4/psoc creator/import/gnu/arm/5.4.1/bin/../lib/gcc/arm-none-eabi/5.4.1/../../../../arm-none-eabi/lib/armv7-m\libm.a(lib_a-w_log.o)
                0x00001290                log
 .text.pow      0x00001390      0x330 d:/psoc creator/4.4/psoc creator/import/gnu/arm/5.4.1/bin/../lib/gcc/arm-none-eabi/5.4.1/../../../../arm-none-eabi/lib/armv7-m\libm.a(lib_a-w_pow.o)
                0x00001390                pow
 .text.__ieee754_log
                0x000016c0      0x3e8 d:/psoc creator/4.4/psoc creator/import/gnu/arm/5.4.1/bin/../lib/gcc/arm-none-eabi/5.4.1/../../../../arm-none-eabi/lib/armv7-m\libm.a(lib_a-e_log.o)
                0x000016c0                __ieee754_log
 .text.__ieee754_pow
                0x00001aa8      0xac4 d:/psoc creator/4.4/psoc creator/import/gnu/arm/5.4.1/bin/../lib/gcc/arm-none-eabi/5.4.1/../../../../arm-none-eabi/lib/armv7-m\libm.a(lib_a-e_pow.o)
                0x00001aa8                __ieee754_pow
 .text.__ieee754_sqrt
                0x0000256c      0x188 d:/psoc creator/4.4/psoc creator/import/gnu/arm/5.4.1/bin/../lib/gcc/arm-none-eabi/5.4.1/../../../../arm-none-eabi/lib/armv7-m\libm.a(lib_a-e_sqrt.o)
                0x0000256c                __ieee754_sqrt
 .text.fabs     0x000026f4        0x8 d:/psoc creator/4.4/psoc creator/import/gnu/arm/5.4.1/bin/../lib/gcc/arm-none-eabi/5.4.1/../../../../arm-none-eabi/lib/armv7-m\libm.a(lib_a-s_fabs.o)
                0x000026f4                fabs
 .text.finite   0x000026fc        0xc d:/psoc creator/4.4/psoc creator/import/gnu/arm/5.4.1/bin/../lib/gcc/arm-none-eabi/5.4.1/../../../../arm-none-eabi/lib/armv7-m\libm.a(lib_a-s_finite.o)
                0x000026fc                finite
 .text.matherr  0x00002708        0x4 d:/psoc creator/4.4/psoc creator/import/gnu/arm/5.4.1/bin/../lib/gcc/arm-none-eabi/5.4.1/../../../../arm-none-eabi/lib/armv7-m\libm.a(lib_a-s_matherr.o)
                0x00002708                matherr
 .text.nan      0x0000270c        0xc d:/psoc creator/4.4/psoc creator/import/gnu/arm/5.4.1/bin/../lib/gcc/arm-none-eabi/5.4.1/../../../../arm-none-eabi/lib/armv7-m\libm.a(lib_a-s_nan.o)
                0x0000270c                nan
 .text.rint     0x00002718      0x120 d:/psoc creator/4.4/psoc creator/import/gnu/arm/5.4.1/bin/../lib/gcc/arm-none-eabi/5.4.1/../../../../arm-none-eabi/lib/armv7-m\libm.a(lib_a-s_rint.o)
                0x00002718                rint
 .text.scalbn   0x00002838       0xe4 d:/psoc creator/4.4/psoc creator/import/gnu/arm/5.4.1/bin/../lib/gcc/arm-none-eabi/5.4.1/../../../../arm-none-eabi/lib/armv7-m\libm.a(lib_a-s_scalbn.o)
                0x00002838                scalbn
 .text.copysign
                0x0000291c       0x10 d:/psoc creator/4.4/psoc creator/import/gnu/arm/5.4.1/bin/../lib/gcc/arm-none-eabi/5.4.1/../../../../arm-none-eabi/lib/armv7-m\libm.a(lib_a-s_copysign.o)
                0x0000291c                copysign
 .text          0x0000292c      0x370 d:/psoc creator/4.4/psoc creator/import/gnu/arm/5.4.1/bin/../lib/gcc/arm-none-eabi/5.4.1/armv7-m\libgcc.a(_arm_addsubdf3.o)
                0x0000292c                __aeabi_drsub
                0x00002934                __aeabi_dsub
                0x00002934                __subdf3
                0x00002938                __aeabi_dadd
                0x00002938                __adddf3
                0x00002bb0                __floatunsidf
                0x00002bb0                __aeabi_ui2d
                0x00002bd0                __floatsidf
                0x00002bd0                __aeabi_i2d
                0x00002bf4                __aeabi_f2d
                0x00002bf4                __extendsfdf2
                0x00002c30                __floatundidf
                0x00002c30                __aeabi_ul2d
                0x00002c40                __floatdidf
                0x00002c40                __aeabi_l2d
 .text          0x00002c9c      0x424 d:/psoc creator/4.4/psoc creator/import/gnu/arm/5.4.1/bin/../lib/gcc/arm-none-eabi/5.4.1/armv7-m\libgcc.a(_arm_muldivdf3.o)
                0x00002c9c                __aeabi_dmul
                0x00002c9c                __muldf3
                0x00002ef0                __divdf3
                0x00002ef0                __aeabi_ddiv
 .text          0x000030c0      0x110 d:/psoc creator/4.4/psoc creator/import/gnu/arm/5.4.1/bin/../lib/gcc/arm-none-eabi/5.4.1/armv7-m\libgcc.a(_arm_cmpdf2.o)
                0x000030c0                __gtdf2
                0x000030c0                __gedf2
                0x000030c8                __ltdf2
                0x000030c8                __ledf2
                0x000030d0                __nedf2
                0x000030d0                __eqdf2
                0x000030d0                __cmpdf2
                0x0000314c                __aeabi_cdrcmple
                0x0000315c                __aeabi_cdcmpeq
                0x0000315c                __aeabi_cdcmple
                0x0000316c                __aeabi_dcmpeq
                0x00003180                __aeabi_dcmplt
                0x00003194                __aeabi_dcmple
                0x000031a8                __aeabi_dcmpge
                0x000031bc                __aeabi_dcmpgt
 .text          0x000031d0       0x2c d:/psoc creator/4.4/psoc creator/import/gnu/arm/5.4.1/bin/../lib/gcc/arm-none-eabi/5.4.1/armv7-m\libgcc.a(_arm_unorddf2.o)
                0x000031d0                __unorddf2
                0x000031d0                __aeabi_dcmpun
 .text          0x000031fc       0xa0 d:/psoc creator/4.4/psoc creator/import/gnu/arm/5.4.1/bin/../lib/gcc/arm-none-eabi/5.4.1/armv7-m\libgcc.a(_arm_truncdfsf2.o)
                0x000031fc                __truncdfsf2
                0x000031fc                __aeabi_d2f
 .text          0x0000329c      0x21c d:/psoc creator/4.4/psoc creator/import/gnu/arm/5.4.1/bin/../lib/gcc/arm-none-eabi/5.4.1/armv7-m\libgcc.a(_arm_addsubsf3.o)
                0x0000329c                __aeabi_frsub
                0x000032a4                __subsf3
                0x000032a4                __aeabi_fsub
                0x000032a8                __aeabi_fadd
                0x000032a8                __addsf3
                0x00003408                __aeabi_ui2f
                0x00003408                __floatunsisf
                0x00003410                __aeabi_i2f
                0x00003410                __floatsisf
                0x0000342c                __aeabi_ul2f
                0x0000342c                __floatundisf
                0x0000343c                __aeabi_l2f
                0x0000343c                __floatdisf
 .text          0x000034b8      0x2a0 d:/psoc creator/4.4/psoc creator/import/gnu/arm/5.4.1/bin/../lib/gcc/arm-none-eabi/5.4.1/armv7-m\libgcc.a(_arm_muldivsf3.o)
                0x000034b8                __mulsf3
                0x000034b8                __aeabi_fmul
                0x00003620                __aeabi_fdiv
                0x00003620                __divsf3
 .text          0x00003758       0x4c d:/psoc creator/4.4/psoc creator/import/gnu/arm/5.4.1/bin/../lib/gcc/arm-none-eabi/5.4.1/armv7-m\libgcc.a(_arm_fixsfsi.o)
                0x00003758                __aeabi_f2iz
                0x00003758                __fixsfsi
 .text.__errno  0x000037a4        0xc d:/psoc creator/4.4/psoc creator/import/gnu/arm/5.4.1/bin/../lib/gcc/arm-none-eabi/5.4.1/../../../../arm-none-eabi/lib/armv7-m\libg_nano.a(lib_a-errno.o)
                0x000037a4                __errno
 .text.__libc_init_array
                0x000037b0       0x4c d:/psoc creator/4.4/psoc creator/import/gnu/arm/5.4.1/bin/../lib/gcc/arm-none-eabi/5.4.1/../../../../arm-none-eabi/lib/armv7-m\libg_nano.a(lib_a-init.o)
                0x000037b0                __libc_init_array
 .text.memcpy   0x000037fc       0x16 d:/psoc creator/4.4/psoc creator/import/gnu/arm/5.4.1/bin/../lib/gcc/arm-none-eabi/5.4.1/../../../../arm-none-eabi/lib/armv7-m\libg_nano.a(lib_a-memcpy-stub.o)
                0x000037fc                memcpy
 .text.memset   0x00003812       0x10 d:/psoc creator/4.4/psoc creator/import/gnu/arm/5.4.1/bin/../lib/gcc/arm-none-eabi/5.4.1/../../../../arm-none-eabi/lib/armv7-m\libg_nano.a(lib_a-memset.o)
                0x00003812                memset
 .text.__cvt    0x00003822       0xc0 d:/psoc creator/4.4/psoc creator/import/gnu/arm/5.4.1/bin/../lib/gcc/arm-none-eabi/5.4.1/../../../../arm-none-eabi/lib/armv7-m\libg_nano.a(lib_a-nano-vfprintf_float.o)
                0x00003822                __cvt
 .text.__exponent
                0x000038e2       0x62 d:/psoc creator/4.4/psoc creator/import/gnu/arm/5.4.1/bin/../lib/gcc/arm-none-eabi/5.4.1/../../../../arm-none-eabi/lib/armv7-m\libg_nano.a(lib_a-nano-vfprintf_float.o)
                0x000038e2                __exponent
 .text._printf_float
                0x00003944      0x488 d:/psoc creator/4.4/psoc creator/import/gnu/arm/5.4.1/bin/../lib/gcc/arm-none-eabi/5.4.1/../../../../arm-none-eabi/lib/armv7-m\libg_nano.a(lib_a-nano-vfprintf_float.o)
                0x00003944                _printf_float
 .text._printf_common
                0x00003dcc       0xec d:/psoc creator/4.4/psoc creator/import/gnu/arm/5.4.1/bin/../lib/gcc/arm-none-eabi/5.4.1/../../../../arm-none-eabi/lib/armv7-m\libg_nano.a(lib_a-nano-vfprintf_i.o)
                0x00003dcc                _printf_common
 .text._printf_i
                0x00003eb8      0x24c d:/psoc creator/4.4/psoc creator/import/gnu/arm/5.4.1/bin/../lib/gcc/arm-none-eabi/5.4.1/../../../../arm-none-eabi/lib/armv7-m\libg_nano.a(lib_a-nano-vfprintf_i.o)
                0x00003eb8                _printf_i
 .text.sprintf  0x00004104       0x48 d:/psoc creator/4.4/psoc creator/import/gnu/arm/5.4.1/bin/../lib/gcc/arm-none-eabi/5.4.1/../../../../arm-none-eabi/lib/armv7-m\libg_nano.a(lib_a-sprintf.o)
                0x00004104                siprintf
                0x00004104                sprintf
 .text          0x0000414c       0x10 d:/psoc creator/4.4/psoc creator/import/gnu/arm/5.4.1/bin/../lib/gcc/arm-none-eabi/5.4.1/../../../../arm-none-eabi/lib/armv7-m\libg_nano.a(lib_a-strlen.o)
                0x0000414c                strlen
 .text.quorem   0x0000415c      0x116 d:/psoc creator/4.4/psoc creator/import/gnu/arm/5.4.1/bin/../lib/gcc/arm-none-eabi/5.4.1/../../../../arm-none-eabi/lib/armv7-m\libg_nano.a(lib_a-dtoa.o)
 *fill*         0x00004272        0x6 
 .text._dtoa_r  0x00004278      0xb30 d:/psoc creator/4.4/psoc creator/import/gnu/arm/5.4.1/bin/../lib/gcc/arm-none-eabi/5.4.1/../../../../arm-none-eabi/lib/armv7-m\libg_nano.a(lib_a-dtoa.o)
                0x00004278                _dtoa_r
 .text._localeconv_r
                0x00004da8        0x8 d:/psoc creator/4.4/psoc creator/import/gnu/arm/5.4.1/bin/../lib/gcc/arm-none-eabi/5.4.1/../../../../arm-none-eabi/lib/armv7-m\libg_nano.a(lib_a-locale.o)
                0x00004da8                _localeconv_r
 .text.malloc   0x00004db0       0x10 d:/psoc creator/4.4/psoc creator/import/gnu/arm/5.4.1/bin/../lib/gcc/arm-none-eabi/5.4.1/../../../../arm-none-eabi/lib/armv7-m\libg_nano.a(lib_a-malloc.o)
                0x00004db0                malloc
 .text.memchr   0x00004dc0       0x1c d:/psoc creator/4.4/psoc creator/import/gnu/arm/5.4.1/bin/../lib/gcc/arm-none-eabi/5.4.1/../../../../arm-none-eabi/lib/armv7-m\libg_nano.a(lib_a-memchr-stub.o)
                0x00004dc0                memchr
 .text._Balloc  0x00004ddc       0x6a d:/psoc creator/4.4/psoc creator/import/gnu/arm/5.4.1/bin/../lib/gcc/arm-none-eabi/5.4.1/../../../../arm-none-eabi/lib/armv7-m\libg_nano.a(lib_a-mprec.o)
                0x00004ddc                _Balloc
 .text._Bfree   0x00004e46       0x2e d:/psoc creator/4.4/psoc creator/import/gnu/arm/5.4.1/bin/../lib/gcc/arm-none-eabi/5.4.1/../../../../arm-none-eabi/lib/armv7-m\libg_nano.a(lib_a-mprec.o)
                0x00004e46                _Bfree
 .text.__multadd
                0x00004e74       0x76 d:/psoc creator/4.4/psoc creator/import/gnu/arm/5.4.1/bin/../lib/gcc/arm-none-eabi/5.4.1/../../../../arm-none-eabi/lib/armv7-m\libg_nano.a(lib_a-mprec.o)
                0x00004e74                __multadd
 .text.__hi0bits
                0x00004eea       0x40 d:/psoc creator/4.4/psoc creator/import/gnu/arm/5.4.1/bin/../lib/gcc/arm-none-eabi/5.4.1/../../../../arm-none-eabi/lib/armv7-m\libg_nano.a(lib_a-mprec.o)
                0x00004eea                __hi0bits
 .text.__lo0bits
                0x00004f2a       0x5a d:/psoc creator/4.4/psoc creator/import/gnu/arm/5.4.1/bin/../lib/gcc/arm-none-eabi/5.4.1/../../../../arm-none-eabi/lib/armv7-m\libg_nano.a(lib_a-mprec.o)
                0x00004f2a                __lo0bits
 .text.__i2b    0x00004f84       0x12 d:/psoc creator/4.4/psoc creator/import/gnu/arm/5.4.1/bin/../lib/gcc/arm-none-eabi/5.4.1/../../../../arm-none-eabi/lib/armv7-m\libg_nano.a(lib_a-mprec.o)
                0x00004f84                __i2b
 .text.__multiply
                0x00004f96      0x120 d:/psoc creator/4.4/psoc creator/import/gnu/arm/5.4.1/bin/../lib/gcc/arm-none-eabi/5.4.1/../../../../arm-none-eabi/lib/armv7-m\libg_nano.a(lib_a-mprec.o)
                0x00004f96                __multiply
 *fill*         0x000050b6        0x2 
 .text.__pow5mult
                0x000050b8       0x9c d:/psoc creator/4.4/psoc creator/import/gnu/arm/5.4.1/bin/../lib/gcc/arm-none-eabi/5.4.1/../../../../arm-none-eabi/lib/armv7-m\libg_nano.a(lib_a-mprec.o)
                0x000050b8                __pow5mult
 .text.__lshift
                0x00005154       0xa2 d:/psoc creator/4.4/psoc creator/import/gnu/arm/5.4.1/bin/../lib/gcc/arm-none-eabi/5.4.1/../../../../arm-none-eabi/lib/armv7-m\libg_nano.a(lib_a-mprec.o)
                0x00005154                __lshift
 .text.__mcmp   0x000051f6       0x38 d:/psoc creator/4.4/psoc creator/import/gnu/arm/5.4.1/bin/../lib/gcc/arm-none-eabi/5.4.1/../../../../arm-none-eabi/lib/armv7-m\libg_nano.a(lib_a-mprec.o)
                0x000051f6                __mcmp
 .text.__mdiff  0x0000522e       0xbe d:/psoc creator/4.4/psoc creator/import/gnu/arm/5.4.1/bin/../lib/gcc/arm-none-eabi/5.4.1/../../../../arm-none-eabi/lib/armv7-m\libg_nano.a(lib_a-mprec.o)
                0x0000522e                __mdiff
 .text.__d2b    0x000052ec       0x9c d:/psoc creator/4.4/psoc creator/import/gnu/arm/5.4.1/bin/../lib/gcc/arm-none-eabi/5.4.1/../../../../arm-none-eabi/lib/armv7-m\libg_nano.a(lib_a-mprec.o)
                0x000052ec                __d2b
 .text._calloc_r
                0x00005388       0x1c d:/psoc creator/4.4/psoc creator/import/gnu/arm/5.4.1/bin/../lib/gcc/arm-none-eabi/5.4.1/../../../../arm-none-eabi/lib/armv7-m\libg_nano.a(lib_a-nano-callocr.o)
                0x00005388                _calloc_r
 .text._free_r  0x000053a4       0x98 d:/psoc creator/4.4/psoc creator/import/gnu/arm/5.4.1/bin/../lib/gcc/arm-none-eabi/5.4.1/../../../../arm-none-eabi/lib/armv7-m\libg_nano.a(lib_a-nano-freer.o)
                0x000053a4                _free_r
 .text._malloc_r
                0x0000543c       0xbc d:/psoc creator/4.4/psoc creator/import/gnu/arm/5.4.1/bin/../lib/gcc/arm-none-eabi/5.4.1/../../../../arm-none-eabi/lib/armv7-m\libg_nano.a(lib_a-nano-mallocr.o)
                0x0000543c                _malloc_r
 .text.__ssputs_r
                0x000054f8       0xb2 d:/psoc creator/4.4/psoc creator/import/gnu/arm/5.4.1/bin/../lib/gcc/arm-none-eabi/5.4.1/../../../../arm-none-eabi/lib/armv7-m\libg_nano.a(lib_a-nano-svfprintf.o)
                0x000054f8                __ssputs_r
 *fill*         0x000055aa        0x2 
 .text._svfprintf_r
                0x000055ac      0x1e8 d:/psoc creator/4.4/psoc creator/import/gnu/arm/5.4.1/bin/../lib/gcc/arm-none-eabi/5.4.1/../../../../arm-none-eabi/lib/armv7-m\libg_nano.a(lib_a-nano-svfprintf.o)
                0x000055ac                _svfiprintf_r
                0x000055ac                _svfprintf_r
 .text._sbrk_r  0x00005794       0x20 d:/psoc creator/4.4/psoc creator/import/gnu/arm/5.4.1/bin/../lib/gcc/arm-none-eabi/5.4.1/../../../../arm-none-eabi/lib/armv7-m\libg_nano.a(lib_a-sbrkr.o)
                0x00005794                _sbrk_r
 .text.memmove  0x000057b4       0x36 d:/psoc creator/4.4/psoc creator/import/gnu/arm/5.4.1/bin/../lib/gcc/arm-none-eabi/5.4.1/../../../../arm-none-eabi/lib/armv7-m\libg_nano.a(lib_a-memmove.o)
                0x000057b4                memmove
 .text.__malloc_lock
                0x000057ea        0x2 d:/psoc creator/4.4/psoc creator/import/gnu/arm/5.4.1/bin/../lib/gcc/arm-none-eabi/5.4.1/../../../../arm-none-eabi/lib/armv7-m\libg_nano.a(lib_a-mlock.o)
                0x000057ea                __malloc_lock
 .text.__malloc_unlock
                0x000057ec        0x2 d:/psoc creator/4.4/psoc creator/import/gnu/arm/5.4.1/bin/../lib/gcc/arm-none-eabi/5.4.1/../../../../arm-none-eabi/lib/armv7-m\libg_nano.a(lib_a-mlock.o)
                0x000057ec                __malloc_unlock
 .text._realloc_r
                0x000057ee       0x4c d:/psoc creator/4.4/psoc creator/import/gnu/arm/5.4.1/bin/../lib/gcc/arm-none-eabi/5.4.1/../../../../arm-none-eabi/lib/armv7-m\libg_nano.a(lib_a-nano-reallocr.o)
                0x000057ee                _realloc_r
 .text._malloc_usable_size_r
                0x0000583a       0x14 d:/psoc creator/4.4/psoc creator/import/gnu/arm/5.4.1/bin/../lib/gcc/arm-none-eabi/5.4.1/../../../../arm-none-eabi/lib/armv7-m\libg_nano.a(lib_a-nano-msizer.o)
                0x0000583a                _malloc_usable_size_r
 *fill*         0x0000584e        0x2 
 .text          0x00005850       0x50 d:/psoc creator/4.4/psoc creator/import/gnu/arm/5.4.1/bin/../lib/gcc/arm-none-eabi/5.4.1/armv7-m\libgcc.a(_arm_fixdfsi.o)
                0x00005850                __aeabi_d2iz
                0x00005850                __fixdfsi
 *(.plt)
 *(.gnu.warning)
 *(.glue_7t)
 .glue_7t       0x000058a0        0x0 linker stubs
 *(.glue_7)
 .glue_7        0x000058a0        0x0 linker stubs
 *(.vfp11_veneer)
 .vfp11_veneer  0x000058a0        0x0 linker stubs
 *(.bootloader)
 *(.ARM.extab* .gnu.linkonce.armextab.*)
 *(.gcc_except_table)

.v4_bx          0x000058a0        0x0
 .v4_bx         0x000058a0        0x0 linker stubs

.iplt           0x000058a0        0x0
 .iplt          0x000058a0        0x0 d:/psoc creator/4.4/psoc creator/import/gnu/arm/5.4.1/bin/../lib/gcc/arm-none-eabi/5.4.1/armv7-m/crtbegin.o

.eh_frame_hdr
 *(.eh_frame_hdr)

.eh_frame       0x000058a0        0x4
 *(.eh_frame)
 .eh_frame      0x000058a0        0x0 d:/psoc creator/4.4/psoc creator/import/gnu/arm/5.4.1/bin/../lib/gcc/arm-none-eabi/5.4.1/armv7-m/crtbegin.o
 .eh_frame      0x000058a0        0x4 d:/psoc creator/4.4/psoc creator/import/gnu/arm/5.4.1/bin/../lib/gcc/arm-none-eabi/5.4.1/armv7-m/crtend.o
                [!provide]                PROVIDE (__exidx_start, .)

.ARM.exidx
 *(.ARM.exidx* .gnu.linkonce.armexidx.*)
                0x000058a4                __exidx_end = .

.rodata         0x000058a8      0x230
 *(.rodata .rodata.* .gnu.linkonce.r.*)
 .rodata.str1.4
                0x000058a8       0x24 .\CortexM3\ARM_GCC_541\Debug\main.o
 .rodata        0x000058cc       0x58 .\CortexM3\ARM_GCC_541\Debug\cyfitter_cfg.o
                0x000058cc                AMux_1_CYAMUXSIDE_A__addrTable
                0x000058dc                AMux_1_CYAMUXSIDE_A__maskTable
                0x000058e0                AMux_1_CYAMUXSIDE_B__addrTable
                0x000058f0                AMux_1_CYAMUXSIDE_B__maskTable
 .rodata.str1.4
                0x00005924        0x4 d:/psoc creator/4.4/psoc creator/import/gnu/arm/5.4.1/bin/../lib/gcc/arm-none-eabi/5.4.1/../../../../arm-none-eabi/lib/armv7-m\libm.a(lib_a-w_log.o)
                                  0x5 (size before relaxing)
 .rodata.str1.4
                0x00005928        0x4 d:/psoc creator/4.4/psoc creator/import/gnu/arm/5.4.1/bin/../lib/gcc/arm-none-eabi/5.4.1/../../../../arm-none-eabi/lib/armv7-m\libm.a(lib_a-w_pow.o)
 .rodata.str1.4
                0x0000592c        0x1 d:/psoc creator/4.4/psoc creator/import/gnu/arm/5.4.1/bin/../lib/gcc/arm-none-eabi/5.4.1/../../../../arm-none-eabi/lib/armv7-m\libm.a(lib_a-e_pow.o)
 *fill*         0x0000592c        0x4 
 .rodata.TWO52  0x00005930       0x10 d:/psoc creator/4.4/psoc creator/import/gnu/arm/5.4.1/bin/../lib/gcc/arm-none-eabi/5.4.1/../../../../arm-none-eabi/lib/armv7-m\libm.a(lib_a-s_rint.o)
 .rodata.str1.1
                0x00005940        0x2 d:/psoc creator/4.4/psoc creator/import/gnu/arm/5.4.1/bin/../lib/gcc/arm-none-eabi/5.4.1/../../../../arm-none-eabi/lib/armv7-m\libg_nano.a(lib_a-impure.o)
 .rodata.str1.1
                0x00005942       0x12 d:/psoc creator/4.4/psoc creator/import/gnu/arm/5.4.1/bin/../lib/gcc/arm-none-eabi/5.4.1/../../../../arm-none-eabi/lib/armv7-m\libg_nano.a(lib_a-nano-vfprintf_float.o)
 .rodata.str1.1
                0x00005954       0x22 d:/psoc creator/4.4/psoc creator/import/gnu/arm/5.4.1/bin/../lib/gcc/arm-none-eabi/5.4.1/../../../../arm-none-eabi/lib/armv7-m\libg_nano.a(lib_a-nano-vfprintf_i.o)
 .rodata.str1.1
                0x00005976        0xd d:/psoc creator/4.4/psoc creator/import/gnu/arm/5.4.1/bin/../lib/gcc/arm-none-eabi/5.4.1/../../../../arm-none-eabi/lib/armv7-m\libg_nano.a(lib_a-dtoa.o)
                                  0xf (size before relaxing)
 .rodata.str1.1
                0x00005983        0x8 d:/psoc creator/4.4/psoc creator/import/gnu/arm/5.4.1/bin/../lib/gcc/arm-none-eabi/5.4.1/../../../../arm-none-eabi/lib/armv7-m\libg_nano.a(lib_a-locale.o)
                                  0xb (size before relaxing)
 *fill*         0x0000598b        0x5 
 .rodata.__mprec_tens
                0x00005990       0xc8 d:/psoc creator/4.4/psoc creator/import/gnu/arm/5.4.1/bin/../lib/gcc/arm-none-eabi/5.4.1/../../../../arm-none-eabi/lib/armv7-m\libg_nano.a(lib_a-mprec.o)
                0x00005990                __mprec_tens
 .rodata.p05.5408
                0x00005a58        0xc d:/psoc creator/4.4/psoc creator/import/gnu/arm/5.4.1/bin/../lib/gcc/arm-none-eabi/5.4.1/../../../../arm-none-eabi/lib/armv7-m\libg_nano.a(lib_a-mprec.o)
 *fill*         0x00005a64        0x4 
 .rodata.__mprec_bigtens
                0x00005a68       0x28 d:/psoc creator/4.4/psoc creator/import/gnu/arm/5.4.1/bin/../lib/gcc/arm-none-eabi/5.4.1/../../../../arm-none-eabi/lib/armv7-m\libg_nano.a(lib_a-mprec.o)
                0x00005a68                __mprec_bigtens
 .rodata.str1.1
                0x00005a90       0x11 d:/psoc creator/4.4/psoc creator/import/gnu/arm/5.4.1/bin/../lib/gcc/arm-none-eabi/5.4.1/../../../../arm-none-eabi/lib/armv7-m\libg_nano.a(lib_a-nano-svfprintf.o)
                0x00005aa4                . = ALIGN (0x4)
 *fill*         0x00005aa1        0x3 
 *(.init)
 .init          0x00005aa4        0x4 d:/psoc creator/4.4/psoc creator/import/gnu/arm/5.4.1/bin/../lib/gcc/arm-none-eabi/5.4.1/armv7-m/crti.o
                0x00005aa4                _init
 .init          0x00005aa8        0x8 d:/psoc creator/4.4/psoc creator/import/gnu/arm/5.4.1/bin/../lib/gcc/arm-none-eabi/5.4.1/armv7-m/crtn.o
                0x00005ab0                . = ALIGN (0x4)
                0x00005ab0                __preinit_array_start = .
 *(.preinit_array)
                0x00005ab0                __preinit_array_end = .
                0x00005ab0                . = ALIGN (0x4)
                0x00005ab0                __init_array_start = .
 *(SORT(.init_array.*))
 *(.init_array)
 .init_array    0x00005ab0        0x4 d:/psoc creator/4.4/psoc creator/import/gnu/arm/5.4.1/bin/../lib/gcc/arm-none-eabi/5.4.1/armv7-m/crtbegin.o
 .init_array    0x00005ab4        0x4 .\CortexM3\ARM_GCC_541\Debug\Cm3Start.o
                0x00005ab8                __init_array_end = .
                0x00005ab8                . = ALIGN (0x4)
 *(.fini)
 .fini          0x00005ab8        0x4 d:/psoc creator/4.4/psoc creator/import/gnu/arm/5.4.1/bin/../lib/gcc/arm-none-eabi/5.4.1/armv7-m/crti.o
                0x00005ab8                _fini
 .fini          0x00005abc        0x8 d:/psoc creator/4.4/psoc creator/import/gnu/arm/5.4.1/bin/../lib/gcc/arm-none-eabi/5.4.1/armv7-m/crtn.o
                0x00005ac4                . = ALIGN (0x4)
                0x00005ac4                __fini_array_start = .
 *(.fini_array)
 .fini_array    0x00005ac4        0x4 d:/psoc creator/4.4/psoc creator/import/gnu/arm/5.4.1/bin/../lib/gcc/arm-none-eabi/5.4.1/armv7-m/crtbegin.o
 *(SORT(.fini_array.*))
                0x00005ac8                __fini_array_end = .
                0x00005ac8                . = ALIGN (0x4)
 *crtbegin.o(.ctors)
 *(EXCLUDE_FILE(*crtend.o) .ctors)
 *(SORT(.ctors.*))
 *crtend.o(.ctors)
                0x00005ac8                . = ALIGN (0x4)
 *crtbegin.o(.dtors)
 *(EXCLUDE_FILE(*crtend.o) .dtors)
 *(SORT(.dtors.*))
 *crtend.o(.dtors)
                0x00005ac8                . = ALIGN (0x4)
                0x00005ac8                __cy_regions = .
                0x00005ac8        0x4 LONG 0x5ad8 __cy_region_init_ram
                0x00005acc        0x4 LONG 0x1fff80c8 __cy_region_start_data
                0x00005ad0        0x4 LONG 0xc0 __cy_region_init_size_ram
                0x00005ad4        0x4 LONG 0x88 __cy_region_zero_size_ram
                0x00005ad8                __cy_regions_end = .
                0x00005ad8                . = ALIGN (0x8)
                0x00005ad8                _etext = .

.cy_checksum_exclude
                0x00005ad8        0x0
 *(.cy_checksum_exclude)

.ramvectors     0x1fff8000       0xc0
                0x1fff8000                __cy_region_start_ram = .
 *(.ramvectors)
 .ramvectors    0x1fff8000       0xc0 .\CortexM3\ARM_GCC_541\Debug\Cm3Start.o
                0x1fff8000                CyRamVectors

.noinit         0x1fff80c0        0x1
 *(.noinit)
 .noinit        0x1fff80c0        0x1 .\CortexM3\ARM_GCC_541\Debug\Thermistor project.a(CyLib.o)
                0x1fff80c0                CyResetStatus

.data           0x1fff80c8       0xc0 load address 0x00005ad8
                0x1fff80c8                __cy_region_start_data = .
 *(.jcr)
 .jcr           0x1fff80c8        0x0 d:/psoc creator/4.4/psoc creator/import/gnu/arm/5.4.1/bin/../lib/gcc/arm-none-eabi/5.4.1/armv7-m/crtbegin.o
 .jcr           0x1fff80c8        0x4 d:/psoc creator/4.4/psoc creator/import/gnu/arm/5.4.1/bin/../lib/gcc/arm-none-eabi/5.4.1/armv7-m/crtend.o
 *(.got.plt)
 *(.got)
 *(.shdata)
 *(.data .data.* .gnu.linkonce.d.*)
 .data          0x1fff80cc        0x4 .\CortexM3\ARM_GCC_541\Debug\Cm3Start.o
 .data          0x1fff80d0        0x1 .\CortexM3\ARM_GCC_541\Debug\Thermistor project.a(AMux_1.o)
 .data          0x1fff80d1        0x1 .\CortexM3\ARM_GCC_541\Debug\Thermistor project.a(ADC_DelSig_1.o)
                0x1fff80d1                ADC_DelSig_1_Config
 *fill*         0x1fff80d2        0x2 
 .data          0x1fff80d4       0x10 .\CortexM3\ARM_GCC_541\Debug\Thermistor project.a(CyLib.o)
                0x1fff80d4                cydelay_32k_ms
                0x1fff80d8                cydelay_freq_khz
                0x1fff80dc                cydelay_freq_mhz
                0x1fff80e0                cydelay_freq_hz
 .data.__fdlib_version
                0x1fff80e4        0x1 d:/psoc creator/4.4/psoc creator/import/gnu/arm/5.4.1/bin/../lib/gcc/arm-none-eabi/5.4.1/../../../../arm-none-eabi/lib/armv7-m\libm.a(lib_a-s_lib_ver.o)
                0x1fff80e4                __fdlib_version
 *fill*         0x1fff80e5        0x3 
 .data.impure_data
                0x1fff80e8       0x60 d:/psoc creator/4.4/psoc creator/import/gnu/arm/5.4.1/bin/../lib/gcc/arm-none-eabi/5.4.1/../../../../arm-none-eabi/lib/armv7-m\libg_nano.a(lib_a-impure.o)
 .data._impure_ptr
                0x1fff8148        0x4 d:/psoc creator/4.4/psoc creator/import/gnu/arm/5.4.1/bin/../lib/gcc/arm-none-eabi/5.4.1/../../../../arm-none-eabi/lib/armv7-m\libg_nano.a(lib_a-impure.o)
                0x1fff8148                _impure_ptr
 .data.lconv    0x1fff814c       0x38 d:/psoc creator/4.4/psoc creator/import/gnu/arm/5.4.1/bin/../lib/gcc/arm-none-eabi/5.4.1/../../../../arm-none-eabi/lib/armv7-m\libg_nano.a(lib_a-locale.o)
                0x1fff8188                . = ALIGN (0x8)
 *fill*         0x1fff8184        0x4 
 *(.ram)
                0x1fff8188                _edata = .

.igot.plt       0x1fff8188        0x0 load address 0x00005b98
 .igot.plt      0x1fff8188        0x0 d:/psoc creator/4.4/psoc creator/import/gnu/arm/5.4.1/bin/../lib/gcc/arm-none-eabi/5.4.1/armv7-m/crtbegin.o

.bss            0x1fff8188       0x88 load address 0x00005b98
                0x1fff8188                PROVIDE (__bss_start__, .)
 *(.shbss)
 *(.bss .bss.* .gnu.linkonce.b.*)
 .bss           0x1fff8188       0x1c d:/psoc creator/4.4/psoc creator/import/gnu/arm/5.4.1/bin/../lib/gcc/arm-none-eabi/5.4.1/armv7-m/crtbegin.o
 .bss           0x1fff81a4       0x39 .\CortexM3\ARM_GCC_541\Debug\main.o
 *fill*         0x1fff81dd        0x3 
 .bss           0x1fff81e0       0x18 .\CortexM3\ARM_GCC_541\Debug\Thermistor project.a(ADC_DelSig_1.o)
                0x1fff81f0                ADC_DelSig_1_stopConversion
                0x1fff81f1                ADC_DelSig_1_convDone
                0x1fff81f2                ADC_DelSig_1_initVar
                0x1fff81f3                ADC_DelSig_1_started
                0x1fff81f4                ADC_DelSig_1_Offset
 .bss.__malloc_sbrk_start
                0x1fff81f8        0x4 d:/psoc creator/4.4/psoc creator/import/gnu/arm/5.4.1/bin/../lib/gcc/arm-none-eabi/5.4.1/../../../../arm-none-eabi/lib/armv7-m\libg_nano.a(lib_a-nano-mallocr.o)
                0x1fff81f8                __malloc_sbrk_start
 .bss.__malloc_free_list
                0x1fff81fc        0x4 d:/psoc creator/4.4/psoc creator/import/gnu/arm/5.4.1/bin/../lib/gcc/arm-none-eabi/5.4.1/../../../../arm-none-eabi/lib/armv7-m\libg_nano.a(lib_a-nano-mallocr.o)
                0x1fff81fc                __malloc_free_list
 *(COMMON)
 COMMON         0x1fff8200        0x4 .\CortexM3\ARM_GCC_541\Debug\main.o
                0x1fff8200                DataLine
 COMMON         0x1fff8204        0x4 .\CortexM3\ARM_GCC_541\Debug\Thermistor project.a(ADC_DelSig_1.o)
                0x1fff8204                ADC_DelSig_1_CountsPerVolt
 COMMON         0x1fff8208        0x4 d:/psoc creator/4.4/psoc creator/import/gnu/arm/5.4.1/bin/../lib/gcc/arm-none-eabi/5.4.1/../../../../arm-none-eabi/lib/armv7-m\libg_nano.a(lib_a-reent.o)
                0x1fff8208                errno
                0x1fff8210                . = ALIGN (0x8)
 *fill*         0x1fff820c        0x4 
 *(.ram.b)
                0x1fff8210                _end = .
                0x1fff8210                __end = .
                0x1fff8210                PROVIDE (end, .)
                0x1fff8210                PROVIDE (__bss_end__, .)
                0x00005ad8                __cy_region_init_ram = LOADADDR (.data)
                0x000000c0                __cy_region_init_size_ram = (_edata - ADDR (.data))
                0x00000088                __cy_region_zero_size_ram = (_end - _edata)

.heap           0x1fff8210     0x1200 load address 0x00005b98
                0x1fff8210                . = _end
                0x1fff9410                . = (. + 0x1200)
 *fill*         0x1fff8210     0x1200 
                0x1fff9410                __cy_heap_limit = .

.stack          0x20007800      0x800
                0x20007800                __cy_stack_limit = .
                0x20008000                . = (. + 0x800)
 *fill*         0x20007800      0x800 
                0x00000001                ASSERT ((__cy_stack_limit >= __cy_heap_limit), region RAM overflowed with stack)
                0x00000000                cy_checksum_exclude_size = (CY_APPL_LOADABLE == 0x1)?SIZEOF (.cy_checksum_exclude):0x0
                0x00000001                ASSERT ((cy_checksum_exclude_size <= CY_CHECKSUM_EXCLUDE_SIZE), CY_BOOT: Section .cy_checksum_exclude size exceedes specified limit.)

.cyloadermeta
 *(.cyloadermeta)

.cyloadablemeta
 *(.cyloadablemeta)

.cyconfigecc    0x80000000       0x8c
 *(.cyconfigecc)
 .cyconfigecc   0x80000000       0x8c .\CortexM3\ARM_GCC_541\Debug\cymetadata.o
                0x80000000                cy_meta_configecc

.cycustnvl      0x90000000        0x4
 *(.cycustnvl)
 .cycustnvl     0x90000000        0x4 .\CortexM3\ARM_GCC_541\Debug\cymetadata.o
                0x90000000                cy_meta_custnvl

.cywolatch      0x90100000        0x4
 *(.cywolatch)
 .cywolatch     0x90100000        0x4 .\CortexM3\ARM_GCC_541\Debug\cymetadata.o
                0x90100000                cy_meta_wonvl

.cyeeprom       0x90200000        0x0
 *(.cyeeprom)
                0x00000001                ASSERT ((. <= ((0x90200000 + ee_offset) + ee_size)), .cyeeprom data will not fit in EEPROM)

.cyflashprotect
                0x90400000      0x100
 *(.cyflashprotect)
 .cyflashprotect
                0x90400000      0x100 .\CortexM3\ARM_GCC_541\Debug\cymetadata.o
                0x90400000                cy_meta_flashprotect

.cymeta         0x90500000        0xc
 *(.cymeta)
 .cymeta        0x90500000        0xc .\CortexM3\ARM_GCC_541\Debug\cymetadata.o
                0x90500000                cy_metadata

.rel.dyn        0x00005b98        0x0 load address 0x9050000c
 .rel.iplt      0x00005b98        0x0 d:/psoc creator/4.4/psoc creator/import/gnu/arm/5.4.1/bin/../lib/gcc/arm-none-eabi/5.4.1/armv7-m/crtbegin.o

.stab
 *(.stab)

.stabstr
 *(.stabstr)

.debug
 *(.debug)

.line
 *(.line)

.debug_srcinfo
 *(.debug_srcinfo)

.debug_sfnames
 *(.debug_sfnames)

.debug_aranges  0x00000000      0x980
 *(.debug_aranges)
 .debug_aranges
                0x00000000       0x70 .\CortexM3\ARM_GCC_541\Debug\main.o
 .debug_aranges
                0x00000070       0x78 .\CortexM3\ARM_GCC_541\Debug\cyfitter_cfg.o
 .debug_aranges
                0x000000e8       0x18 .\CortexM3\ARM_GCC_541\Debug\cymetadata.o
 .debug_aranges
                0x00000100       0x48 .\CortexM3\ARM_GCC_541\Debug\Cm3Start.o
 .debug_aranges
                0x00000148       0x40 .\CortexM3\ARM_GCC_541\Debug\Thermistor project.a(AMux_1.o)
 .debug_aranges
                0x00000188       0xe8 .\CortexM3\ARM_GCC_541\Debug\Thermistor project.a(ADC_DelSig_1.o)
 .debug_aranges
                0x00000270       0x38 .\CortexM3\ARM_GCC_541\Debug\Thermistor project.a(ADC_DelSig_1_INT.o)
 .debug_aranges
                0x000002a8       0x70 .\CortexM3\ARM_GCC_541\Debug\Thermistor project.a(ADC_DelSig_1_Ext_CP_Clk.o)
 .debug_aranges
                0x00000318       0x80 .\CortexM3\ARM_GCC_541\Debug\Thermistor project.a(ADC_DelSig_1_theACLK.o)
 .debug_aranges
                0x00000398      0x2a0 .\CortexM3\ARM_GCC_541\Debug\Thermistor project.a(CyLib.o)
 .debug_aranges
                0x00000638       0x98 .\CortexM3\ARM_GCC_541\Debug\Thermistor project.a(cyPm.o)
 .debug_aranges
                0x000006d0       0x38 .\CortexM3\ARM_GCC_541\Debug\Thermistor project.a(D4_Pin_11.o)
 .debug_aranges
                0x00000708       0x38 .\CortexM3\ARM_GCC_541\Debug\Thermistor project.a(D5_Pin_12.o)
 .debug_aranges
                0x00000740       0x38 .\CortexM3\ARM_GCC_541\Debug\Thermistor project.a(D6_Pin_13.o)
 .debug_aranges
                0x00000778       0x38 .\CortexM3\ARM_GCC_541\Debug\Thermistor project.a(D7_Pin_14.o)
 .debug_aranges
                0x000007b0       0x38 .\CortexM3\ARM_GCC_541\Debug\Thermistor project.a(Enable_Pin_6.o)
 .debug_aranges
                0x000007e8       0x38 .\CortexM3\ARM_GCC_541\Debug\Thermistor project.a(R_W_Pin_5.o)
 .debug_aranges
                0x00000820       0x38 .\CortexM3\ARM_GCC_541\Debug\Thermistor project.a(RS_Pin_4.o)
 .debug_aranges
                0x00000858       0x20 .\CortexM3\ARM_GCC_541\Debug\Thermistor project.a(CyBootAsmGnu.o)
 .debug_aranges
                0x00000878       0x88 .\CortexM3\ARM_GCC_541\Debug\Thermistor project.a(CyFlash.o)
 .debug_aranges
                0x00000900       0x80 .\CortexM3\ARM_GCC_541\Debug\Thermistor project.a(CySpc.o)

.debug_pubnames
 *(.debug_pubnames)

.debug_info     0x00000000     0x5966
 *(.debug_info .gnu.linkonce.wi.*)
 .debug_info    0x00000000      0x8aa .\CortexM3\ARM_GCC_541\Debug\main.o
 .debug_info    0x000008aa      0x63c .\CortexM3\ARM_GCC_541\Debug\cyfitter_cfg.o
 .debug_info    0x00000ee6      0x134 .\CortexM3\ARM_GCC_541\Debug\cymetadata.o
 .debug_info    0x0000101a      0x3bb .\CortexM3\ARM_GCC_541\Debug\Cm3Start.o
 .debug_info    0x000013d5      0x235 .\CortexM3\ARM_GCC_541\Debug\Thermistor project.a(AMux_1.o)
 .debug_info    0x0000160a      0xb92 .\CortexM3\ARM_GCC_541\Debug\Thermistor project.a(ADC_DelSig_1.o)
 .debug_info    0x0000219c       0xd3 .\CortexM3\ARM_GCC_541\Debug\Thermistor project.a(ADC_DelSig_1_INT.o)
 .debug_info    0x0000226f      0x283 .\CortexM3\ARM_GCC_541\Debug\Thermistor project.a(ADC_DelSig_1_Ext_CP_Clk.o)
 .debug_info    0x000024f2      0x2c4 .\CortexM3\ARM_GCC_541\Debug\Thermistor project.a(ADC_DelSig_1_theACLK.o)
 .debug_info    0x000027b6     0x1374 .\CortexM3\ARM_GCC_541\Debug\Thermistor project.a(CyLib.o)
 .debug_info    0x00003b2a      0xa2a .\CortexM3\ARM_GCC_541\Debug\Thermistor project.a(cyPm.o)
 .debug_info    0x00004554      0x11f .\CortexM3\ARM_GCC_541\Debug\Thermistor project.a(D4_Pin_11.o)
 .debug_info    0x00004673      0x11f .\CortexM3\ARM_GCC_541\Debug\Thermistor project.a(D5_Pin_12.o)
 .debug_info    0x00004792      0x11f .\CortexM3\ARM_GCC_541\Debug\Thermistor project.a(D6_Pin_13.o)
 .debug_info    0x000048b1      0x11f .\CortexM3\ARM_GCC_541\Debug\Thermistor project.a(D7_Pin_14.o)
 .debug_info    0x000049d0      0x11f .\CortexM3\ARM_GCC_541\Debug\Thermistor project.a(Enable_Pin_6.o)
 .debug_info    0x00004aef      0x11f .\CortexM3\ARM_GCC_541\Debug\Thermistor project.a(R_W_Pin_5.o)
 .debug_info    0x00004c0e      0x11f .\CortexM3\ARM_GCC_541\Debug\Thermistor project.a(RS_Pin_4.o)
 .debug_info    0x00004d2d       0x9c .\CortexM3\ARM_GCC_541\Debug\Thermistor project.a(CyBootAsmGnu.o)
 .debug_info    0x00004dc9      0x64d .\CortexM3\ARM_GCC_541\Debug\Thermistor project.a(CyFlash.o)
 .debug_info    0x00005416      0x550 .\CortexM3\ARM_GCC_541\Debug\Thermistor project.a(CySpc.o)

.debug_abbrev   0x00000000     0x1698
 *(.debug_abbrev)
 .debug_abbrev  0x00000000      0x1b2 .\CortexM3\ARM_GCC_541\Debug\main.o
 .debug_abbrev  0x000001b2      0x21e .\CortexM3\ARM_GCC_541\Debug\cyfitter_cfg.o
 .debug_abbrev  0x000003d0       0x5d .\CortexM3\ARM_GCC_541\Debug\cymetadata.o
 .debug_abbrev  0x0000042d      0x1e8 .\CortexM3\ARM_GCC_541\Debug\Cm3Start.o
 .debug_abbrev  0x00000615       0xbe .\CortexM3\ARM_GCC_541\Debug\Thermistor project.a(AMux_1.o)
 .debug_abbrev  0x000006d3      0x1eb .\CortexM3\ARM_GCC_541\Debug\Thermistor project.a(ADC_DelSig_1.o)
 .debug_abbrev  0x000008be       0x42 .\CortexM3\ARM_GCC_541\Debug\Thermistor project.a(ADC_DelSig_1_INT.o)
 .debug_abbrev  0x00000900      0x139 .\CortexM3\ARM_GCC_541\Debug\Thermistor project.a(ADC_DelSig_1_Ext_CP_Clk.o)
 .debug_abbrev  0x00000a39      0x121 .\CortexM3\ARM_GCC_541\Debug\Thermistor project.a(ADC_DelSig_1_theACLK.o)
 .debug_abbrev  0x00000b5a      0x254 .\CortexM3\ARM_GCC_541\Debug\Thermistor project.a(CyLib.o)
 .debug_abbrev  0x00000dae      0x1ab .\CortexM3\ARM_GCC_541\Debug\Thermistor project.a(cyPm.o)
 .debug_abbrev  0x00000f59       0x90 .\CortexM3\ARM_GCC_541\Debug\Thermistor project.a(D4_Pin_11.o)
 .debug_abbrev  0x00000fe9       0x90 .\CortexM3\ARM_GCC_541\Debug\Thermistor project.a(D5_Pin_12.o)
 .debug_abbrev  0x00001079       0x90 .\CortexM3\ARM_GCC_541\Debug\Thermistor project.a(D6_Pin_13.o)
 .debug_abbrev  0x00001109       0x90 .\CortexM3\ARM_GCC_541\Debug\Thermistor project.a(D7_Pin_14.o)
 .debug_abbrev  0x00001199       0x90 .\CortexM3\ARM_GCC_541\Debug\Thermistor project.a(Enable_Pin_6.o)
 .debug_abbrev  0x00001229       0x90 .\CortexM3\ARM_GCC_541\Debug\Thermistor project.a(R_W_Pin_5.o)
 .debug_abbrev  0x000012b9       0x90 .\CortexM3\ARM_GCC_541\Debug\Thermistor project.a(RS_Pin_4.o)
 .debug_abbrev  0x00001349       0x14 .\CortexM3\ARM_GCC_541\Debug\Thermistor project.a(CyBootAsmGnu.o)
 .debug_abbrev  0x0000135d      0x1a7 .\CortexM3\ARM_GCC_541\Debug\Thermistor project.a(CyFlash.o)
 .debug_abbrev  0x00001504      0x194 .\CortexM3\ARM_GCC_541\Debug\Thermistor project.a(CySpc.o)

.debug_line     0x00000000     0x254e
 *(.debug_line)
 .debug_line    0x00000000      0x35b .\CortexM3\ARM_GCC_541\Debug\main.o
 .debug_line    0x0000035b      0x21f .\CortexM3\ARM_GCC_541\Debug\cyfitter_cfg.o
 .debug_line    0x0000057a      0x109 .\CortexM3\ARM_GCC_541\Debug\cymetadata.o
 .debug_line    0x00000683      0x1fc .\CortexM3\ARM_GCC_541\Debug\Cm3Start.o
 .debug_line    0x0000087f       0xd6 .\CortexM3\ARM_GCC_541\Debug\Thermistor project.a(AMux_1.o)
 .debug_line    0x00000955      0x3cb .\CortexM3\ARM_GCC_541\Debug\Thermistor project.a(ADC_DelSig_1.o)
 .debug_line    0x00000d20       0x89 .\CortexM3\ARM_GCC_541\Debug\Thermistor project.a(ADC_DelSig_1_INT.o)
 .debug_line    0x00000da9      0x186 .\CortexM3\ARM_GCC_541\Debug\Thermistor project.a(ADC_DelSig_1_Ext_CP_Clk.o)
 .debug_line    0x00000f2f      0x1a6 .\CortexM3\ARM_GCC_541\Debug\Thermistor project.a(ADC_DelSig_1_theACLK.o)
 .debug_line    0x000010d5      0x816 .\CortexM3\ARM_GCC_541\Debug\Thermistor project.a(CyLib.o)
 .debug_line    0x000018eb      0x367 .\CortexM3\ARM_GCC_541\Debug\Thermistor project.a(cyPm.o)
 .debug_line    0x00001c52       0x96 .\CortexM3\ARM_GCC_541\Debug\Thermistor project.a(D4_Pin_11.o)
 .debug_line    0x00001ce8       0x96 .\CortexM3\ARM_GCC_541\Debug\Thermistor project.a(D5_Pin_12.o)
 .debug_line    0x00001d7e       0x96 .\CortexM3\ARM_GCC_541\Debug\Thermistor project.a(D6_Pin_13.o)
 .debug_line    0x00001e14       0x96 .\CortexM3\ARM_GCC_541\Debug\Thermistor project.a(D7_Pin_14.o)
 .debug_line    0x00001eaa       0x99 .\CortexM3\ARM_GCC_541\Debug\Thermistor project.a(Enable_Pin_6.o)
 .debug_line    0x00001f43       0x96 .\CortexM3\ARM_GCC_541\Debug\Thermistor project.a(R_W_Pin_5.o)
 .debug_line    0x00001fd9       0x95 .\CortexM3\ARM_GCC_541\Debug\Thermistor project.a(RS_Pin_4.o)
 .debug_line    0x0000206e       0x66 .\CortexM3\ARM_GCC_541\Debug\Thermistor project.a(CyBootAsmGnu.o)
 .debug_line    0x000020d4      0x21a .\CortexM3\ARM_GCC_541\Debug\Thermistor project.a(CyFlash.o)
 .debug_line    0x000022ee      0x260 .\CortexM3\ARM_GCC_541\Debug\Thermistor project.a(CySpc.o)

.debug_frame    0x00000000     0x21bc
 *(.debug_frame)
 .debug_frame   0x00000000      0x144 .\CortexM3\ARM_GCC_541\Debug\main.o
 .debug_frame   0x00000144      0x154 .\CortexM3\ARM_GCC_541\Debug\cyfitter_cfg.o
 .debug_frame   0x00000298       0xb8 .\CortexM3\ARM_GCC_541\Debug\Cm3Start.o
 .debug_frame   0x00000350       0x9c .\CortexM3\ARM_GCC_541\Debug\Thermistor project.a(AMux_1.o)
 .debug_frame   0x000003ec      0x284 .\CortexM3\ARM_GCC_541\Debug\Thermistor project.a(ADC_DelSig_1.o)
 .debug_frame   0x00000670       0x50 .\CortexM3\ARM_GCC_541\Debug\Thermistor project.a(ADC_DelSig_1_INT.o)
 .debug_frame   0x000006c0       0xe0 .\CortexM3\ARM_GCC_541\Debug\Thermistor project.a(ADC_DelSig_1_Ext_CP_Clk.o)
 .debug_frame   0x000007a0      0x100 .\CortexM3\ARM_GCC_541\Debug\Thermistor project.a(ADC_DelSig_1_theACLK.o)
 .debug_frame   0x000008a0      0x738 .\CortexM3\ARM_GCC_541\Debug\Thermistor project.a(CyLib.o)
 .debug_frame   0x00000fd8      0x1f8 .\CortexM3\ARM_GCC_541\Debug\Thermistor project.a(cyPm.o)
 .debug_frame   0x000011d0       0x50 .\CortexM3\ARM_GCC_541\Debug\Thermistor project.a(D4_Pin_11.o)
 .debug_frame   0x00001220       0x50 .\CortexM3\ARM_GCC_541\Debug\Thermistor project.a(D5_Pin_12.o)
 .debug_frame   0x00001270       0x50 .\CortexM3\ARM_GCC_541\Debug\Thermistor project.a(D6_Pin_13.o)
 .debug_frame   0x000012c0       0x50 .\CortexM3\ARM_GCC_541\Debug\Thermistor project.a(D7_Pin_14.o)
 .debug_frame   0x00001310       0x50 .\CortexM3\ARM_GCC_541\Debug\Thermistor project.a(Enable_Pin_6.o)
 .debug_frame   0x00001360       0x50 .\CortexM3\ARM_GCC_541\Debug\Thermistor project.a(R_W_Pin_5.o)
 .debug_frame   0x000013b0       0x50 .\CortexM3\ARM_GCC_541\Debug\Thermistor project.a(RS_Pin_4.o)
 .debug_frame   0x00001400      0x194 .\CortexM3\ARM_GCC_541\Debug\Thermistor project.a(CyFlash.o)
 .debug_frame   0x00001594      0x180 .\CortexM3\ARM_GCC_541\Debug\Thermistor project.a(CySpc.o)
 .debug_frame   0x00001714       0x40 d:/psoc creator/4.4/psoc creator/import/gnu/arm/5.4.1/bin/../lib/gcc/arm-none-eabi/5.4.1/../../../../arm-none-eabi/lib/armv7-m\libm.a(lib_a-w_log.o)
 .debug_frame   0x00001754       0x4c d:/psoc creator/4.4/psoc creator/import/gnu/arm/5.4.1/bin/../lib/gcc/arm-none-eabi/5.4.1/../../../../arm-none-eabi/lib/armv7-m\libm.a(lib_a-w_pow.o)
 .debug_frame   0x000017a0       0x54 d:/psoc creator/4.4/psoc creator/import/gnu/arm/5.4.1/bin/../lib/gcc/arm-none-eabi/5.4.1/../../../../arm-none-eabi/lib/armv7-m\libm.a(lib_a-e_log.o)
 .debug_frame   0x000017f4       0x68 d:/psoc creator/4.4/psoc creator/import/gnu/arm/5.4.1/bin/../lib/gcc/arm-none-eabi/5.4.1/../../../../arm-none-eabi/lib/armv7-m\libm.a(lib_a-e_pow.o)
 .debug_frame   0x0000185c       0x30 d:/psoc creator/4.4/psoc creator/import/gnu/arm/5.4.1/bin/../lib/gcc/arm-none-eabi/5.4.1/../../../../arm-none-eabi/lib/armv7-m\libm.a(lib_a-e_sqrt.o)
 .debug_frame   0x0000188c       0x20 d:/psoc creator/4.4/psoc creator/import/gnu/arm/5.4.1/bin/../lib/gcc/arm-none-eabi/5.4.1/../../../../arm-none-eabi/lib/armv7-m\libm.a(lib_a-s_fabs.o)
 .debug_frame   0x000018ac       0x20 d:/psoc creator/4.4/psoc creator/import/gnu/arm/5.4.1/bin/../lib/gcc/arm-none-eabi/5.4.1/../../../../arm-none-eabi/lib/armv7-m\libm.a(lib_a-s_finite.o)
 .debug_frame   0x000018cc       0x20 d:/psoc creator/4.4/psoc creator/import/gnu/arm/5.4.1/bin/../lib/gcc/arm-none-eabi/5.4.1/../../../../arm-none-eabi/lib/armv7-m\libm.a(lib_a-s_matherr.o)
 .debug_frame   0x000018ec       0x20 d:/psoc creator/4.4/psoc creator/import/gnu/arm/5.4.1/bin/../lib/gcc/arm-none-eabi/5.4.1/../../../../arm-none-eabi/lib/armv7-m\libm.a(lib_a-s_nan.o)
 .debug_frame   0x0000190c       0x3c d:/psoc creator/4.4/psoc creator/import/gnu/arm/5.4.1/bin/../lib/gcc/arm-none-eabi/5.4.1/../../../../arm-none-eabi/lib/armv7-m\libm.a(lib_a-s_rint.o)
 .debug_frame   0x00001948       0x30 d:/psoc creator/4.4/psoc creator/import/gnu/arm/5.4.1/bin/../lib/gcc/arm-none-eabi/5.4.1/../../../../arm-none-eabi/lib/armv7-m\libm.a(lib_a-s_scalbn.o)
 .debug_frame   0x00001978       0x20 d:/psoc creator/4.4/psoc creator/import/gnu/arm/5.4.1/bin/../lib/gcc/arm-none-eabi/5.4.1/../../../../arm-none-eabi/lib/armv7-m\libm.a(lib_a-s_copysign.o)
 .debug_frame   0x00001998       0x20 d:/psoc creator/4.4/psoc creator/import/gnu/arm/5.4.1/bin/../lib/gcc/arm-none-eabi/5.4.1/../../../../arm-none-eabi/lib/armv7-m\libg_nano.a(lib_a-errno.o)
 .debug_frame   0x000019b8       0x28 d:/psoc creator/4.4/psoc creator/import/gnu/arm/5.4.1/bin/../lib/gcc/arm-none-eabi/5.4.1/../../../../arm-none-eabi/lib/armv7-m\libg_nano.a(lib_a-exit.o)
 .debug_frame   0x000019e0       0x2c d:/psoc creator/4.4/psoc creator/import/gnu/arm/5.4.1/bin/../lib/gcc/arm-none-eabi/5.4.1/../../../../arm-none-eabi/lib/armv7-m\libg_nano.a(lib_a-init.o)
 .debug_frame   0x00001a0c       0x28 d:/psoc creator/4.4/psoc creator/import/gnu/arm/5.4.1/bin/../lib/gcc/arm-none-eabi/5.4.1/../../../../arm-none-eabi/lib/armv7-m\libg_nano.a(lib_a-memcpy-stub.o)
 .debug_frame   0x00001a34       0x20 d:/psoc creator/4.4/psoc creator/import/gnu/arm/5.4.1/bin/../lib/gcc/arm-none-eabi/5.4.1/../../../../arm-none-eabi/lib/armv7-m\libg_nano.a(lib_a-memset.o)
 .debug_frame   0x00001a54       0x8c d:/psoc creator/4.4/psoc creator/import/gnu/arm/5.4.1/bin/../lib/gcc/arm-none-eabi/5.4.1/../../../../arm-none-eabi/lib/armv7-m\libg_nano.a(lib_a-nano-vfprintf_float.o)
 .debug_frame   0x00001ae0       0x60 d:/psoc creator/4.4/psoc creator/import/gnu/arm/5.4.1/bin/../lib/gcc/arm-none-eabi/5.4.1/../../../../arm-none-eabi/lib/armv7-m\libg_nano.a(lib_a-nano-vfprintf_i.o)
 .debug_frame   0x00001b40       0x70 d:/psoc creator/4.4/psoc creator/import/gnu/arm/5.4.1/bin/../lib/gcc/arm-none-eabi/5.4.1/../../../../arm-none-eabi/lib/armv7-m\libg_nano.a(lib_a-sprintf.o)
 .debug_frame   0x00001bb0       0x6c d:/psoc creator/4.4/psoc creator/import/gnu/arm/5.4.1/bin/../lib/gcc/arm-none-eabi/5.4.1/../../../../arm-none-eabi/lib/armv7-m\libg_nano.a(lib_a-dtoa.o)
 .debug_frame   0x00001c1c       0x98 d:/psoc creator/4.4/psoc creator/import/gnu/arm/5.4.1/bin/../lib/gcc/arm-none-eabi/5.4.1/../../../../arm-none-eabi/lib/armv7-m\libg_nano.a(lib_a-locale.o)
 .debug_frame   0x00001cb4       0x30 d:/psoc creator/4.4/psoc creator/import/gnu/arm/5.4.1/bin/../lib/gcc/arm-none-eabi/5.4.1/../../../../arm-none-eabi/lib/armv7-m\libg_nano.a(lib_a-malloc.o)
 .debug_frame   0x00001ce4       0x28 d:/psoc creator/4.4/psoc creator/import/gnu/arm/5.4.1/bin/../lib/gcc/arm-none-eabi/5.4.1/../../../../arm-none-eabi/lib/armv7-m\libg_nano.a(lib_a-memchr-stub.o)
 .debug_frame   0x00001d0c      0x234 d:/psoc creator/4.4/psoc creator/import/gnu/arm/5.4.1/bin/../lib/gcc/arm-none-eabi/5.4.1/../../../../arm-none-eabi/lib/armv7-m\libg_nano.a(lib_a-mprec.o)
 .debug_frame   0x00001f40       0x2c d:/psoc creator/4.4/psoc creator/import/gnu/arm/5.4.1/bin/../lib/gcc/arm-none-eabi/5.4.1/../../../../arm-none-eabi/lib/armv7-m\libg_nano.a(lib_a-nano-callocr.o)
 .debug_frame   0x00001f6c       0x38 d:/psoc creator/4.4/psoc creator/import/gnu/arm/5.4.1/bin/../lib/gcc/arm-none-eabi/5.4.1/../../../../arm-none-eabi/lib/armv7-m\libg_nano.a(lib_a-nano-freer.o)
 .debug_frame   0x00001fa4       0x2c d:/psoc creator/4.4/psoc creator/import/gnu/arm/5.4.1/bin/../lib/gcc/arm-none-eabi/5.4.1/../../../../arm-none-eabi/lib/armv7-m\libg_nano.a(lib_a-nano-mallocr.o)
 .debug_frame   0x00001fd0       0x90 d:/psoc creator/4.4/psoc creator/import/gnu/arm/5.4.1/bin/../lib/gcc/arm-none-eabi/5.4.1/../../../../arm-none-eabi/lib/armv7-m\libg_nano.a(lib_a-nano-svfprintf.o)
 .debug_frame   0x00002060       0x2c d:/psoc creator/4.4/psoc creator/import/gnu/arm/5.4.1/bin/../lib/gcc/arm-none-eabi/5.4.1/../../../../arm-none-eabi/lib/armv7-m\libg_nano.a(lib_a-sbrkr.o)
 .debug_frame   0x0000208c       0x20 d:/psoc creator/4.4/psoc creator/import/gnu/arm/5.4.1/bin/../lib/gcc/arm-none-eabi/5.4.1/../../../../arm-none-eabi/lib/armv7-m\libg_nano.a(lib_a-strcmp.o)
 .debug_frame   0x000020ac       0x28 d:/psoc creator/4.4/psoc creator/import/gnu/arm/5.4.1/bin/../lib/gcc/arm-none-eabi/5.4.1/../../../../arm-none-eabi/lib/armv7-m\libg_nano.a(lib_a-memmove.o)
 .debug_frame   0x000020d4       0x30 d:/psoc creator/4.4/psoc creator/import/gnu/arm/5.4.1/bin/../lib/gcc/arm-none-eabi/5.4.1/../../../../arm-none-eabi/lib/armv7-m\libg_nano.a(lib_a-mlock.o)
 .debug_frame   0x00002104       0x3c d:/psoc creator/4.4/psoc creator/import/gnu/arm/5.4.1/bin/../lib/gcc/arm-none-eabi/5.4.1/../../../../arm-none-eabi/lib/armv7-m\libg_nano.a(lib_a-nano-reallocr.o)
 .debug_frame   0x00002140       0x5c d:/psoc creator/4.4/psoc creator/import/gnu/arm/5.4.1/bin/../lib/gcc/arm-none-eabi/5.4.1/../../../../arm-none-eabi/lib/armv7-m\libg_nano.a(lib_a-reent.o)
 .debug_frame   0x0000219c       0x20 d:/psoc creator/4.4/psoc creator/import/gnu/arm/5.4.1/bin/../lib/gcc/arm-none-eabi/5.4.1/../../../../arm-none-eabi/lib/armv7-m\libg_nano.a(lib_a-nano-msizer.o)

.debug_str      0x00000000     0x21ab
 *(.debug_str)
 .debug_str     0x00000000      0x402 .\CortexM3\ARM_GCC_541\Debug\main.o
                                0x467 (size before relaxing)
 .debug_str     0x00000402      0x26f .\CortexM3\ARM_GCC_541\Debug\cyfitter_cfg.o
                                0x403 (size before relaxing)
 .debug_str     0x00000671       0x7f .\CortexM3\ARM_GCC_541\Debug\cymetadata.o
                                0x1f0 (size before relaxing)
 .debug_str     0x000006f0      0x144 .\CortexM3\ARM_GCC_541\Debug\Cm3Start.o
                                0x316 (size before relaxing)
 .debug_str     0x00000834       0x6b .\CortexM3\ARM_GCC_541\Debug\Thermistor project.a(AMux_1.o)
                                0x26a (size before relaxing)
 .debug_str     0x0000089f      0x4ab .\CortexM3\ARM_GCC_541\Debug\Thermistor project.a(ADC_DelSig_1.o)
                                0x72d (size before relaxing)
 .debug_str     0x00000d4a       0x72 .\CortexM3\ARM_GCC_541\Debug\Thermistor project.a(ADC_DelSig_1_INT.o)
                                0x1f9 (size before relaxing)
 .debug_str     0x00000dbc      0x1cd .\CortexM3\ARM_GCC_541\Debug\Thermistor project.a(ADC_DelSig_1_Ext_CP_Clk.o)
                                0x3ba (size before relaxing)
 .debug_str     0x00000f89      0x1bb .\CortexM3\ARM_GCC_541\Debug\Thermistor project.a(ADC_DelSig_1_theACLK.o)
                                0x3eb (size before relaxing)
 .debug_str     0x00001144      0x7ef .\CortexM3\ARM_GCC_541\Debug\Thermistor project.a(CyLib.o)
                                0xa53 (size before relaxing)
 .debug_str     0x00001933      0x365 .\CortexM3\ARM_GCC_541\Debug\Thermistor project.a(cyPm.o)
                                0x73f (size before relaxing)
 .debug_str     0x00001c98       0x6a .\CortexM3\ARM_GCC_541\Debug\Thermistor project.a(D4_Pin_11.o)
                                0x202 (size before relaxing)
 .debug_str     0x00001d02       0x5f .\CortexM3\ARM_GCC_541\Debug\Thermistor project.a(D5_Pin_12.o)
                                0x202 (size before relaxing)
 .debug_str     0x00001d61       0x5f .\CortexM3\ARM_GCC_541\Debug\Thermistor project.a(D6_Pin_13.o)
                                0x202 (size before relaxing)
 .debug_str     0x00001dc0       0x5f .\CortexM3\ARM_GCC_541\Debug\Thermistor project.a(D7_Pin_14.o)
                                0x202 (size before relaxing)
 .debug_str     0x00001e1f       0x6b .\CortexM3\ARM_GCC_541\Debug\Thermistor project.a(Enable_Pin_6.o)
                                0x211 (size before relaxing)
 .debug_str     0x00001e8a       0x5f .\CortexM3\ARM_GCC_541\Debug\Thermistor project.a(R_W_Pin_5.o)
                                0x202 (size before relaxing)
 .debug_str     0x00001ee9       0x5b .\CortexM3\ARM_GCC_541\Debug\Thermistor project.a(RS_Pin_4.o)
                                0x1fd (size before relaxing)
 .debug_str     0x00001f44      0x1bb .\CortexM3\ARM_GCC_541\Debug\Thermistor project.a(CyFlash.o)
                                0x3cc (size before relaxing)
 .debug_str     0x000020ff       0xac .\CortexM3\ARM_GCC_541\Debug\Thermistor project.a(CySpc.o)
                                0x344 (size before relaxing)

.debug_loc      0x00000000     0x27f0
 *(.debug_loc)
 .debug_loc     0x00000000      0x157 .\CortexM3\ARM_GCC_541\Debug\main.o
 .debug_loc     0x00000157      0x333 .\CortexM3\ARM_GCC_541\Debug\cyfitter_cfg.o
 .debug_loc     0x0000048a      0x144 .\CortexM3\ARM_GCC_541\Debug\Cm3Start.o
 .debug_loc     0x000005ce       0xae .\CortexM3\ARM_GCC_541\Debug\Thermistor project.a(AMux_1.o)
 .debug_loc     0x0000067c      0x681 .\CortexM3\ARM_GCC_541\Debug\Thermistor project.a(ADC_DelSig_1.o)
 .debug_loc     0x00000cfd      0x12c .\CortexM3\ARM_GCC_541\Debug\Thermistor project.a(ADC_DelSig_1_Ext_CP_Clk.o)
 .debug_loc     0x00000e29      0x14d .\CortexM3\ARM_GCC_541\Debug\Thermistor project.a(ADC_DelSig_1_theACLK.o)
 .debug_loc     0x00000f76      0xa11 .\CortexM3\ARM_GCC_541\Debug\Thermistor project.a(CyLib.o)
 .debug_loc     0x00001987      0x1e4 .\CortexM3\ARM_GCC_541\Debug\Thermistor project.a(cyPm.o)
 .debug_loc     0x00001b6b       0x42 .\CortexM3\ARM_GCC_541\Debug\Thermistor project.a(D4_Pin_11.o)
 .debug_loc     0x00001bad       0x42 .\CortexM3\ARM_GCC_541\Debug\Thermistor project.a(D5_Pin_12.o)
 .debug_loc     0x00001bef       0x42 .\CortexM3\ARM_GCC_541\Debug\Thermistor project.a(D6_Pin_13.o)
 .debug_loc     0x00001c31       0x42 .\CortexM3\ARM_GCC_541\Debug\Thermistor project.a(D7_Pin_14.o)
 .debug_loc     0x00001c73       0x42 .\CortexM3\ARM_GCC_541\Debug\Thermistor project.a(Enable_Pin_6.o)
 .debug_loc     0x00001cb5       0x42 .\CortexM3\ARM_GCC_541\Debug\Thermistor project.a(R_W_Pin_5.o)
 .debug_loc     0x00001cf7       0x42 .\CortexM3\ARM_GCC_541\Debug\Thermistor project.a(RS_Pin_4.o)
 .debug_loc     0x00001d39      0x3b2 .\CortexM3\ARM_GCC_541\Debug\Thermistor project.a(CyFlash.o)
 .debug_loc     0x000020eb      0x705 .\CortexM3\ARM_GCC_541\Debug\Thermistor project.a(CySpc.o)

.debug_macinfo
 *(.debug_macinfo)

.debug_ranges   0x00000000      0x818
 *(.debug_ranges)
 .debug_ranges  0x00000000       0x60 .\CortexM3\ARM_GCC_541\Debug\main.o
 .debug_ranges  0x00000060       0x68 .\CortexM3\ARM_GCC_541\Debug\cyfitter_cfg.o
 .debug_ranges  0x000000c8       0x38 .\CortexM3\ARM_GCC_541\Debug\Cm3Start.o
 .debug_ranges  0x00000100       0x30 .\CortexM3\ARM_GCC_541\Debug\Thermistor project.a(AMux_1.o)
 .debug_ranges  0x00000130       0xd8 .\CortexM3\ARM_GCC_541\Debug\Thermistor project.a(ADC_DelSig_1.o)
 .debug_ranges  0x00000208       0x28 .\CortexM3\ARM_GCC_541\Debug\Thermistor project.a(ADC_DelSig_1_INT.o)
 .debug_ranges  0x00000230       0x60 .\CortexM3\ARM_GCC_541\Debug\Thermistor project.a(ADC_DelSig_1_Ext_CP_Clk.o)
 .debug_ranges  0x00000290       0x70 .\CortexM3\ARM_GCC_541\Debug\Thermistor project.a(ADC_DelSig_1_theACLK.o)
 .debug_ranges  0x00000300      0x290 .\CortexM3\ARM_GCC_541\Debug\Thermistor project.a(CyLib.o)
 .debug_ranges  0x00000590       0x88 .\CortexM3\ARM_GCC_541\Debug\Thermistor project.a(cyPm.o)
 .debug_ranges  0x00000618       0x28 .\CortexM3\ARM_GCC_541\Debug\Thermistor project.a(D4_Pin_11.o)
 .debug_ranges  0x00000640       0x28 .\CortexM3\ARM_GCC_541\Debug\Thermistor project.a(D5_Pin_12.o)
 .debug_ranges  0x00000668       0x28 .\CortexM3\ARM_GCC_541\Debug\Thermistor project.a(D6_Pin_13.o)
 .debug_ranges  0x00000690       0x28 .\CortexM3\ARM_GCC_541\Debug\Thermistor project.a(D7_Pin_14.o)
 .debug_ranges  0x000006b8       0x28 .\CortexM3\ARM_GCC_541\Debug\Thermistor project.a(Enable_Pin_6.o)
 .debug_ranges  0x000006e0       0x28 .\CortexM3\ARM_GCC_541\Debug\Thermistor project.a(R_W_Pin_5.o)
 .debug_ranges  0x00000708       0x28 .\CortexM3\ARM_GCC_541\Debug\Thermistor project.a(RS_Pin_4.o)
 .debug_ranges  0x00000730       0x78 .\CortexM3\ARM_GCC_541\Debug\Thermistor project.a(CyFlash.o)
 .debug_ranges  0x000007a8       0x70 .\CortexM3\ARM_GCC_541\Debug\Thermistor project.a(CySpc.o)

.comment        0x00000000       0x6e
 .comment       0x00000000       0x6e .\CortexM3\ARM_GCC_541\Debug\main.o
                                 0x6f (size before relaxing)
 .comment       0x0000006e       0x6f .\CortexM3\ARM_GCC_541\Debug\cyfitter_cfg.o
 .comment       0x0000006e       0x6f .\CortexM3\ARM_GCC_541\Debug\cymetadata.o
 .comment       0x0000006e       0x6f .\CortexM3\ARM_GCC_541\Debug\Cm3Start.o
 .comment       0x0000006e       0x6f .\CortexM3\ARM_GCC_541\Debug\Thermistor project.a(AMux_1.o)
 .comment       0x0000006e       0x6f .\CortexM3\ARM_GCC_541\Debug\Thermistor project.a(ADC_DelSig_1.o)
 .comment       0x0000006e       0x6f .\CortexM3\ARM_GCC_541\Debug\Thermistor project.a(ADC_DelSig_1_INT.o)
 .comment       0x0000006e       0x6f .\CortexM3\ARM_GCC_541\Debug\Thermistor project.a(ADC_DelSig_1_Ext_CP_Clk.o)
 .comment       0x0000006e       0x6f .\CortexM3\ARM_GCC_541\Debug\Thermistor project.a(ADC_DelSig_1_theACLK.o)
 .comment       0x0000006e       0x6f .\CortexM3\ARM_GCC_541\Debug\Thermistor project.a(CyLib.o)
 .comment       0x0000006e       0x6f .\CortexM3\ARM_GCC_541\Debug\Thermistor project.a(cyPm.o)
 .comment       0x0000006e       0x6f .\CortexM3\ARM_GCC_541\Debug\Thermistor project.a(D4_Pin_11.o)
 .comment       0x0000006e       0x6f .\CortexM3\ARM_GCC_541\Debug\Thermistor project.a(D5_Pin_12.o)
 .comment       0x0000006e       0x6f .\CortexM3\ARM_GCC_541\Debug\Thermistor project.a(D6_Pin_13.o)
 .comment       0x0000006e       0x6f .\CortexM3\ARM_GCC_541\Debug\Thermistor project.a(D7_Pin_14.o)
 .comment       0x0000006e       0x6f .\CortexM3\ARM_GCC_541\Debug\Thermistor project.a(Enable_Pin_6.o)
 .comment       0x0000006e       0x6f .\CortexM3\ARM_GCC_541\Debug\Thermistor project.a(R_W_Pin_5.o)
 .comment       0x0000006e       0x6f .\CortexM3\ARM_GCC_541\Debug\Thermistor project.a(RS_Pin_4.o)
 .comment       0x0000006e       0x6f .\CortexM3\ARM_GCC_541\Debug\Thermistor project.a(CyFlash.o)
 .comment       0x0000006e       0x6f .\CortexM3\ARM_GCC_541\Debug\Thermistor project.a(CySpc.o)

.debug_weaknames
 *(.debug_weaknames)

.debug_funcnames
 *(.debug_funcnames)

.debug_typenames
 *(.debug_typenames)

.debug_varnames
 *(.debug_varnames)

.note.gnu.arm.ident
 *(.note.gnu.arm.ident)

.ARM.attributes
                0x00000000       0x29
 *(.ARM.attributes)
 .ARM.attributes
                0x00000000       0x1d d:/psoc creator/4.4/psoc creator/import/gnu/arm/5.4.1/bin/../lib/gcc/arm-none-eabi/5.4.1/armv7-m/crti.o
 .ARM.attributes
                0x0000001d       0x2d d:/psoc creator/4.4/psoc creator/import/gnu/arm/5.4.1/bin/../lib/gcc/arm-none-eabi/5.4.1/armv7-m/crtbegin.o
 .ARM.attributes
                0x0000004a       0x1b d:/psoc creator/4.4/psoc creator/import/gnu/arm/5.4.1/bin/../lib/gcc/arm-none-eabi/5.4.1/../../../../arm-none-eabi/lib/armv7-m/crt0.o
 .ARM.attributes
                0x00000065       0x33 .\CortexM3\ARM_GCC_541\Debug\main.o
 .ARM.attributes
                0x00000098       0x33 .\CortexM3\ARM_GCC_541\Debug\cyfitter_cfg.o
 .ARM.attributes
                0x000000cb       0x33 .\CortexM3\ARM_GCC_541\Debug\cymetadata.o
 .ARM.attributes
                0x000000fe       0x33 .\CortexM3\ARM_GCC_541\Debug\Cm3Start.o
 .ARM.attributes
                0x00000131       0x33 .\CortexM3\ARM_GCC_541\Debug\Thermistor project.a(AMux_1.o)
 .ARM.attributes
                0x00000164       0x33 .\CortexM3\ARM_GCC_541\Debug\Thermistor project.a(ADC_DelSig_1.o)
 .ARM.attributes
                0x00000197       0x33 .\CortexM3\ARM_GCC_541\Debug\Thermistor project.a(ADC_DelSig_1_INT.o)
 .ARM.attributes
                0x000001ca       0x33 .\CortexM3\ARM_GCC_541\Debug\Thermistor project.a(ADC_DelSig_1_Ext_CP_Clk.o)
 .ARM.attributes
                0x000001fd       0x33 .\CortexM3\ARM_GCC_541\Debug\Thermistor project.a(ADC_DelSig_1_theACLK.o)
 .ARM.attributes
                0x00000230       0x33 .\CortexM3\ARM_GCC_541\Debug\Thermistor project.a(CyLib.o)
 .ARM.attributes
                0x00000263       0x33 .\CortexM3\ARM_GCC_541\Debug\Thermistor project.a(cyPm.o)
 .ARM.attributes
                0x00000296       0x33 .\CortexM3\ARM_GCC_541\Debug\Thermistor project.a(D4_Pin_11.o)
 .ARM.attributes
                0x000002c9       0x33 .\CortexM3\ARM_GCC_541\Debug\Thermistor project.a(D5_Pin_12.o)
 .ARM.attributes
                0x000002fc       0x33 .\CortexM3\ARM_GCC_541\Debug\Thermistor project.a(D6_Pin_13.o)
 .ARM.attributes
                0x0000032f       0x33 .\CortexM3\ARM_GCC_541\Debug\Thermistor project.a(D7_Pin_14.o)
 .ARM.attributes
                0x00000362       0x33 .\CortexM3\ARM_GCC_541\Debug\Thermistor project.a(Enable_Pin_6.o)
 .ARM.attributes
                0x00000395       0x33 .\CortexM3\ARM_GCC_541\Debug\Thermistor project.a(R_W_Pin_5.o)
 .ARM.attributes
                0x000003c8       0x33 .\CortexM3\ARM_GCC_541\Debug\Thermistor project.a(RS_Pin_4.o)
 .ARM.attributes
                0x000003fb       0x21 .\CortexM3\ARM_GCC_541\Debug\Thermistor project.a(CyBootAsmGnu.o)
 .ARM.attributes
                0x0000041c       0x33 .\CortexM3\ARM_GCC_541\Debug\Thermistor project.a(CyFlash.o)
 .ARM.attributes
                0x0000044f       0x33 .\CortexM3\ARM_GCC_541\Debug\Thermistor project.a(CySpc.o)
 .ARM.attributes
                0x00000482       0x2d d:/psoc creator/4.4/psoc creator/import/gnu/arm/5.4.1/bin/../lib/gcc/arm-none-eabi/5.4.1/../../../../arm-none-eabi/lib/armv7-m\libm.a(lib_a-w_log.o)
 .ARM.attributes
                0x000004af       0x2d d:/psoc creator/4.4/psoc creator/import/gnu/arm/5.4.1/bin/../lib/gcc/arm-none-eabi/5.4.1/../../../../arm-none-eabi/lib/armv7-m\libm.a(lib_a-w_pow.o)
 .ARM.attributes
                0x000004dc       0x2d d:/psoc creator/4.4/psoc creator/import/gnu/arm/5.4.1/bin/../lib/gcc/arm-none-eabi/5.4.1/../../../../arm-none-eabi/lib/armv7-m\libm.a(lib_a-e_log.o)
 .ARM.attributes
                0x00000509       0x2d d:/psoc creator/4.4/psoc creator/import/gnu/arm/5.4.1/bin/../lib/gcc/arm-none-eabi/5.4.1/../../../../arm-none-eabi/lib/armv7-m\libm.a(lib_a-e_pow.o)
 .ARM.attributes
                0x00000536       0x2d d:/psoc creator/4.4/psoc creator/import/gnu/arm/5.4.1/bin/../lib/gcc/arm-none-eabi/5.4.1/../../../../arm-none-eabi/lib/armv7-m\libm.a(lib_a-e_sqrt.o)
 .ARM.attributes
                0x00000563       0x2d d:/psoc creator/4.4/psoc creator/import/gnu/arm/5.4.1/bin/../lib/gcc/arm-none-eabi/5.4.1/../../../../arm-none-eabi/lib/armv7-m\libm.a(lib_a-s_fabs.o)
 .ARM.attributes
                0x00000590       0x2d d:/psoc creator/4.4/psoc creator/import/gnu/arm/5.4.1/bin/../lib/gcc/arm-none-eabi/5.4.1/../../../../arm-none-eabi/lib/armv7-m\libm.a(lib_a-s_finite.o)
 .ARM.attributes
                0x000005bd       0x2d d:/psoc creator/4.4/psoc creator/import/gnu/arm/5.4.1/bin/../lib/gcc/arm-none-eabi/5.4.1/../../../../arm-none-eabi/lib/armv7-m\libm.a(lib_a-s_lib_ver.o)
 .ARM.attributes
                0x000005ea       0x2d d:/psoc creator/4.4/psoc creator/import/gnu/arm/5.4.1/bin/../lib/gcc/arm-none-eabi/5.4.1/../../../../arm-none-eabi/lib/armv7-m\libm.a(lib_a-s_matherr.o)
 .ARM.attributes
                0x00000617       0x2d d:/psoc creator/4.4/psoc creator/import/gnu/arm/5.4.1/bin/../lib/gcc/arm-none-eabi/5.4.1/../../../../arm-none-eabi/lib/armv7-m\libm.a(lib_a-s_nan.o)
 .ARM.attributes
                0x00000644       0x2d d:/psoc creator/4.4/psoc creator/import/gnu/arm/5.4.1/bin/../lib/gcc/arm-none-eabi/5.4.1/../../../../arm-none-eabi/lib/armv7-m\libm.a(lib_a-s_rint.o)
 .ARM.attributes
                0x00000671       0x2d d:/psoc creator/4.4/psoc creator/import/gnu/arm/5.4.1/bin/../lib/gcc/arm-none-eabi/5.4.1/../../../../arm-none-eabi/lib/armv7-m\libm.a(lib_a-s_scalbn.o)
 .ARM.attributes
                0x0000069e       0x2d d:/psoc creator/4.4/psoc creator/import/gnu/arm/5.4.1/bin/../lib/gcc/arm-none-eabi/5.4.1/../../../../arm-none-eabi/lib/armv7-m\libm.a(lib_a-s_copysign.o)
 .ARM.attributes
                0x000006cb       0x1d d:/psoc creator/4.4/psoc creator/import/gnu/arm/5.4.1/bin/../lib/gcc/arm-none-eabi/5.4.1/armv7-m\libgcc.a(_arm_addsubdf3.o)
 .ARM.attributes
                0x000006e8       0x1d d:/psoc creator/4.4/psoc creator/import/gnu/arm/5.4.1/bin/../lib/gcc/arm-none-eabi/5.4.1/armv7-m\libgcc.a(_arm_muldivdf3.o)
 .ARM.attributes
                0x00000705       0x1d d:/psoc creator/4.4/psoc creator/import/gnu/arm/5.4.1/bin/../lib/gcc/arm-none-eabi/5.4.1/armv7-m\libgcc.a(_arm_cmpdf2.o)
 .ARM.attributes
                0x00000722       0x1d d:/psoc creator/4.4/psoc creator/import/gnu/arm/5.4.1/bin/../lib/gcc/arm-none-eabi/5.4.1/armv7-m\libgcc.a(_arm_unorddf2.o)
 .ARM.attributes
                0x0000073f       0x1d d:/psoc creator/4.4/psoc creator/import/gnu/arm/5.4.1/bin/../lib/gcc/arm-none-eabi/5.4.1/armv7-m\libgcc.a(_arm_truncdfsf2.o)
 .ARM.attributes
                0x0000075c       0x1d d:/psoc creator/4.4/psoc creator/import/gnu/arm/5.4.1/bin/../lib/gcc/arm-none-eabi/5.4.1/armv7-m\libgcc.a(_arm_addsubsf3.o)
 .ARM.attributes
                0x00000779       0x1d d:/psoc creator/4.4/psoc creator/import/gnu/arm/5.4.1/bin/../lib/gcc/arm-none-eabi/5.4.1/armv7-m\libgcc.a(_arm_muldivsf3.o)
 .ARM.attributes
                0x00000796       0x1d d:/psoc creator/4.4/psoc creator/import/gnu/arm/5.4.1/bin/../lib/gcc/arm-none-eabi/5.4.1/armv7-m\libgcc.a(_arm_fixsfsi.o)
 .ARM.attributes
                0x000007b3       0x1d d:/psoc creator/4.4/psoc creator/import/gnu/arm/5.4.1/bin/../lib/gcc/arm-none-eabi/5.4.1/armv7-m\libgcc.a(_arm_fixunssfsi.o)
 .ARM.attributes
                0x000007d0       0x2d d:/psoc creator/4.4/psoc creator/import/gnu/arm/5.4.1/bin/../lib/gcc/arm-none-eabi/5.4.1/../../../../arm-none-eabi/lib/armv7-m\libg_nano.a(lib_a-errno.o)
 .ARM.attributes
                0x000007fd       0x2d d:/psoc creator/4.4/psoc creator/import/gnu/arm/5.4.1/bin/../lib/gcc/arm-none-eabi/5.4.1/../../../../arm-none-eabi/lib/armv7-m\libg_nano.a(lib_a-exit.o)
 .ARM.attributes
                0x0000082a       0x2d d:/psoc creator/4.4/psoc creator/import/gnu/arm/5.4.1/bin/../lib/gcc/arm-none-eabi/5.4.1/../../../../arm-none-eabi/lib/armv7-m\libg_nano.a(lib_a-impure.o)
 .ARM.attributes
                0x00000857       0x2d d:/psoc creator/4.4/psoc creator/import/gnu/arm/5.4.1/bin/../lib/gcc/arm-none-eabi/5.4.1/../../../../arm-none-eabi/lib/armv7-m\libg_nano.a(lib_a-init.o)
 .ARM.attributes
                0x00000884       0x2d d:/psoc creator/4.4/psoc creator/import/gnu/arm/5.4.1/bin/../lib/gcc/arm-none-eabi/5.4.1/../../../../arm-none-eabi/lib/armv7-m\libg_nano.a(lib_a-memcpy-stub.o)
 .ARM.attributes
                0x000008b1       0x2d d:/psoc creator/4.4/psoc creator/import/gnu/arm/5.4.1/bin/../lib/gcc/arm-none-eabi/5.4.1/../../../../arm-none-eabi/lib/armv7-m\libg_nano.a(lib_a-memset.o)
 .ARM.attributes
                0x000008de       0x2d d:/psoc creator/4.4/psoc creator/import/gnu/arm/5.4.1/bin/../lib/gcc/arm-none-eabi/5.4.1/../../../../arm-none-eabi/lib/armv7-m\libg_nano.a(lib_a-nano-vfprintf_float.o)
 .ARM.attributes
                0x0000090b       0x2d d:/psoc creator/4.4/psoc creator/import/gnu/arm/5.4.1/bin/../lib/gcc/arm-none-eabi/5.4.1/../../../../arm-none-eabi/lib/armv7-m\libg_nano.a(lib_a-nano-vfprintf_i.o)
 .ARM.attributes
                0x00000938       0x2d d:/psoc creator/4.4/psoc creator/import/gnu/arm/5.4.1/bin/../lib/gcc/arm-none-eabi/5.4.1/../../../../arm-none-eabi/lib/armv7-m\libg_nano.a(lib_a-sprintf.o)
 .ARM.attributes
                0x00000965       0x17 d:/psoc creator/4.4/psoc creator/import/gnu/arm/5.4.1/bin/../lib/gcc/arm-none-eabi/5.4.1/../../../../arm-none-eabi/lib/armv7-m\libg_nano.a(lib_a-strlen.o)
 .ARM.attributes
                0x0000097c       0x2d d:/psoc creator/4.4/psoc creator/import/gnu/arm/5.4.1/bin/../lib/gcc/arm-none-eabi/5.4.1/../../../../arm-none-eabi/lib/armv7-m\libg_nano.a(lib_a-dtoa.o)
 .ARM.attributes
                0x000009a9       0x2d d:/psoc creator/4.4/psoc creator/import/gnu/arm/5.4.1/bin/../lib/gcc/arm-none-eabi/5.4.1/../../../../arm-none-eabi/lib/armv7-m\libg_nano.a(lib_a-locale.o)
 .ARM.attributes
                0x000009d6       0x2d d:/psoc creator/4.4/psoc creator/import/gnu/arm/5.4.1/bin/../lib/gcc/arm-none-eabi/5.4.1/../../../../arm-none-eabi/lib/armv7-m\libg_nano.a(lib_a-malloc.o)
 .ARM.attributes
                0x00000a03       0x2d d:/psoc creator/4.4/psoc creator/import/gnu/arm/5.4.1/bin/../lib/gcc/arm-none-eabi/5.4.1/../../../../arm-none-eabi/lib/armv7-m\libg_nano.a(lib_a-memchr-stub.o)
 .ARM.attributes
                0x00000a30       0x2d d:/psoc creator/4.4/psoc creator/import/gnu/arm/5.4.1/bin/../lib/gcc/arm-none-eabi/5.4.1/../../../../arm-none-eabi/lib/armv7-m\libg_nano.a(lib_a-mprec.o)
 .ARM.attributes
                0x00000a5d       0x2d d:/psoc creator/4.4/psoc creator/import/gnu/arm/5.4.1/bin/../lib/gcc/arm-none-eabi/5.4.1/../../../../arm-none-eabi/lib/armv7-m\libg_nano.a(lib_a-nano-callocr.o)
 .ARM.attributes
                0x00000a8a       0x2d d:/psoc creator/4.4/psoc creator/import/gnu/arm/5.4.1/bin/../lib/gcc/arm-none-eabi/5.4.1/../../../../arm-none-eabi/lib/armv7-m\libg_nano.a(lib_a-nano-freer.o)
 .ARM.attributes
                0x00000ab7       0x2d d:/psoc creator/4.4/psoc creator/import/gnu/arm/5.4.1/bin/../lib/gcc/arm-none-eabi/5.4.1/../../../../arm-none-eabi/lib/armv7-m\libg_nano.a(lib_a-nano-mallocr.o)
 .ARM.attributes
                0x00000ae4       0x2d d:/psoc creator/4.4/psoc creator/import/gnu/arm/5.4.1/bin/../lib/gcc/arm-none-eabi/5.4.1/../../../../arm-none-eabi/lib/armv7-m\libg_nano.a(lib_a-nano-svfprintf.o)
 .ARM.attributes
                0x00000b11       0x2d d:/psoc creator/4.4/psoc creator/import/gnu/arm/5.4.1/bin/../lib/gcc/arm-none-eabi/5.4.1/../../../../arm-none-eabi/lib/armv7-m\libg_nano.a(lib_a-sbrkr.o)
 .ARM.attributes
                0x00000b3e       0x1b d:/psoc creator/4.4/psoc creator/import/gnu/arm/5.4.1/bin/../lib/gcc/arm-none-eabi/5.4.1/../../../../arm-none-eabi/lib/armv7-m\libg_nano.a(lib_a-strcmp.o)
 .ARM.attributes
                0x00000b59       0x2d d:/psoc creator/4.4/psoc creator/import/gnu/arm/5.4.1/bin/../lib/gcc/arm-none-eabi/5.4.1/../../../../arm-none-eabi/lib/armv7-m\libg_nano.a(lib_a-memmove.o)
 .ARM.attributes
                0x00000b86       0x2d d:/psoc creator/4.4/psoc creator/import/gnu/arm/5.4.1/bin/../lib/gcc/arm-none-eabi/5.4.1/../../../../arm-none-eabi/lib/armv7-m\libg_nano.a(lib_a-mlock.o)
 .ARM.attributes
                0x00000bb3       0x2d d:/psoc creator/4.4/psoc creator/import/gnu/arm/5.4.1/bin/../lib/gcc/arm-none-eabi/5.4.1/../../../../arm-none-eabi/lib/armv7-m\libg_nano.a(lib_a-nano-reallocr.o)
 .ARM.attributes
                0x00000be0       0x2d d:/psoc creator/4.4/psoc creator/import/gnu/arm/5.4.1/bin/../lib/gcc/arm-none-eabi/5.4.1/../../../../arm-none-eabi/lib/armv7-m\libg_nano.a(lib_a-reent.o)
 .ARM.attributes
                0x00000c0d       0x2d d:/psoc creator/4.4/psoc creator/import/gnu/arm/5.4.1/bin/../lib/gcc/arm-none-eabi/5.4.1/../../../../arm-none-eabi/lib/armv7-m\libg_nano.a(lib_a-nano-msizer.o)
 .ARM.attributes
                0x00000c3a       0x1d d:/psoc creator/4.4/psoc creator/import/gnu/arm/5.4.1/bin/../lib/gcc/arm-none-eabi/5.4.1/armv7-m\libgcc.a(_arm_fixdfsi.o)
 .ARM.attributes
                0x00000c57       0x2d d:/psoc creator/4.4/psoc creator/import/gnu/arm/5.4.1/bin/../lib/gcc/arm-none-eabi/5.4.1/armv7-m/crtend.o
 .ARM.attributes
                0x00000c84       0x1d d:/psoc creator/4.4/psoc creator/import/gnu/arm/5.4.1/bin/../lib/gcc/arm-none-eabi/5.4.1/armv7-m/crtn.o

/DISCARD/
 *(.note.GNU-stack)
OUTPUT(C:\Users\Ryans\Documents\PSoC Creator\Thermistor_lab\Thermistor project.cydsn\CortexM3\ARM_GCC_541\Debug\Thermistor project.elf elf32-littlearm)
